Archive member included to satisfy reference by file (symbol)

C:/devkitPro/portlibs/3ds/lib\libvorbisidec.a(vorbisfile.o)
                              spotify.o (ov_clear)
C:/devkitPro/portlibs/3ds/lib\libvorbisidec.a(block.o)
                              C:/devkitPro/portlibs/3ds/lib\libvorbisidec.a(vorbisfile.o) (vorbis_block_init)
C:/devkitPro/portlibs/3ds/lib\libvorbisidec.a(window.o)
                              C:/devkitPro/portlibs/3ds/lib\libvorbisidec.a(block.o) (_vorbis_window)
C:/devkitPro/portlibs/3ds/lib\libvorbisidec.a(synthesis.o)
                              C:/devkitPro/portlibs/3ds/lib\libvorbisidec.a(vorbisfile.o) (vorbis_synthesis)
C:/devkitPro/portlibs/3ds/lib\libvorbisidec.a(info.o)
                              C:/devkitPro/portlibs/3ds/lib\libvorbisidec.a(vorbisfile.o) (vorbis_comment_init)
C:/devkitPro/portlibs/3ds/lib\libvorbisidec.a(registry.o)
                              C:/devkitPro/portlibs/3ds/lib\libvorbisidec.a(block.o) (_mapping_P)
C:/devkitPro/portlibs/3ds/lib\libvorbisidec.a(codebook.o)
                              C:/devkitPro/portlibs/3ds/lib\libvorbisidec.a(info.o) (vorbis_staticbook_unpack)
C:/devkitPro/portlibs/3ds/lib\libvorbisidec.a(sharedbook.o)
                              C:/devkitPro/portlibs/3ds/lib\libvorbisidec.a(codebook.o) (_ilog)
C:/devkitPro/portlibs/3ds/lib\libvorbisidec.a(floor1.o)
                              C:/devkitPro/portlibs/3ds/lib\libvorbisidec.a(registry.o) (floor1_exportbundle)
C:/devkitPro/portlibs/3ds/lib\libvorbisidec.a(floor0.o)
                              C:/devkitPro/portlibs/3ds/lib\libvorbisidec.a(registry.o) (floor0_exportbundle)
C:/devkitPro/portlibs/3ds/lib\libvorbisidec.a(res012.o)
                              C:/devkitPro/portlibs/3ds/lib\libvorbisidec.a(registry.o) (residue2_exportbundle)
C:/devkitPro/portlibs/3ds/lib\libvorbisidec.a(mapping0.o)
                              C:/devkitPro/portlibs/3ds/lib\libvorbisidec.a(registry.o) (mapping0_exportbundle)
C:/devkitPro/portlibs/3ds/lib\libvorbisidec.a(mdct.o)
                              C:/devkitPro/portlibs/3ds/lib\libvorbisidec.a(mapping0.o) (mdct_backward)
C:/devkitPro/portlibs/3ds/lib\libogg.a(framing.o)
                              C:/devkitPro/portlibs/3ds/lib\libvorbisidec.a(vorbisfile.o) (ogg_page_continued)
C:/devkitPro/portlibs/3ds/lib\libogg.a(bitwise.o)
                              C:/devkitPro/portlibs/3ds/lib\libvorbisidec.a(synthesis.o) (oggpack_readinit)
C:/devkitPro/libctru/lib\libctru.a(linear.o)
                              spotify.o (linearAlloc)
C:/devkitPro/libctru/lib\libctru.a(mem_pool.o)
                              C:/devkitPro/libctru/lib\libctru.a(linear.o) (MemPool::Allocate(MemChunk&, unsigned long, int))
C:/devkitPro/libctru/lib\libctru.a(console.o)
                              spotify.o (consoleInit)
C:/devkitPro/libctru/lib\libctru.a(gfx.o)
                              C:/devkitPro/libctru/lib\libctru.a(console.o) (gfxIsWide)
C:/devkitPro/libctru/lib\libctru.a(ndsp.o)
                              spotify.o (ndspInit)
C:/devkitPro/libctru/lib\libctru.a(ndsp-channel.o)
                              spotify.o (ndspChnSetFormat)
C:/devkitPro/libctru/lib\libctru.a(apt.o)
                              spotify.o (aptMainLoop)
C:/devkitPro/libctru/lib\libctru.a(cfgu.o)
                              C:/devkitPro/libctru/lib\libctru.a(ndsp.o) (cfguInit)
C:/devkitPro/libctru/lib\libctru.a(dsp.o)
                              C:/devkitPro/libctru/lib\libctru.a(ndsp.o) (dspInit)
C:/devkitPro/libctru/lib\libctru.a(fs.o)
                              C:/devkitPro/libctru/lib\libctru.a(ndsp.o) (FSUSER_OpenFileDirectly)
C:/devkitPro/libctru/lib\libctru.a(gspgpu.o)
                              C:/devkitPro/libctru/lib\libctru.a(gfx.o) (gspInit)
C:/devkitPro/libctru/lib\libctru.a(hid.o)
                              spotify.o (hidScanInput)
C:/devkitPro/libctru/lib\libctru.a(irrst.o)
                              C:/devkitPro/libctru/lib\libctru.a(hid.o) (irrstInit)
C:/devkitPro/libctru/lib\libctru.a(soc_connect.o)
                              spotify.o (connect)
C:/devkitPro/libctru/lib\libctru.a(soc_inet_pton.o)
                              spotify.o (inet_pton)
C:/devkitPro/libctru/lib\libctru.a(soc_init.o)
                              spotify.o (socInit)
C:/devkitPro/libctru/lib\libctru.a(soc_recv.o)
                              spotify.o (recv)
C:/devkitPro/libctru/lib\libctru.a(soc_recvfrom.o)
                              C:/devkitPro/libctru/lib\libctru.a(soc_init.o) (soc_recvfrom)
C:/devkitPro/libctru/lib\libctru.a(soc_send.o)
                              spotify.o (send)
C:/devkitPro/libctru/lib\libctru.a(soc_sendto.o)
                              C:/devkitPro/libctru/lib\libctru.a(soc_init.o) (soc_sendto)
C:/devkitPro/libctru/lib\libctru.a(soc_socket.o)
                              spotify.o (socket)
C:/devkitPro/libctru/lib\libctru.a(swkbd.o)
[...]
Memory Configuration

Name             Origin             Length             Attributes
*default*        0x00000000         0xffffffff

Linker script and memory map

                0x00000000                        __sync_synchronize = __sync_synchronize_dmb
                0x00100000                        PROVIDE (__start__ = 0x100000)
                0x00100000                        . = __start__

.text           0x00100000    0x31674
 *(.crt0)
 .crt0          0x00100000       0x94 C:/devkitPro/devkitARM/bin/../lib/gcc/arm-none-eabi/16.1.0/../../../../arm-none-eabi/lib/armv6k/fpu/3dsx_crt0.o
                0x00100000                _start
                0x00100008                __service_ptr
                0x0010000c                __apt_appid
                0x00100010                __heap_size
                0x00100014                __linear_heap_size
                0x00100018                __system_arglist
                0x0010001c                __system_runflags
 *(.init)
 .init          0x00100094        0xc C:/devkitPro/devkitARM/bin/../lib/gcc/arm-none-eabi/16.1.0/armv6k/fpu/crti.o
                0x00100094                _init
 .init          0x001000a0        0xc C:/devkitPro/devkitARM/bin/../lib/gcc/arm-none-eabi/16.1.0/armv6k/fpu/crtn.o
                0x001000ac                        . = ALIGN (0x4)
 *(.text)
 .text          0x001000ac      0x1e0 spotify.o
                0x001000ac                net_read(void*, unsigned int, unsigned int, void*)
                0x001000e8                net_close(void*)
                0x0010010c                connect_http(char const*, int, char const*)
                0x00100240                get_user_input(char const*, char*, unsigned int)
 .text          0x0010028c      0x20c C:/devkitPro/devkitARM/bin/../lib/gcc/arm-none-eabi/16.1.0/armv6k/fpu\libgcc.a(_udivsi3.o)
                0x0010028c                __aeabi_uidiv
                0x0010028c                __udivsi3
                0x00100478                __aeabi_uidivmod
 .text          0x00100498      0x240 C:/devkitPro/devkitARM/bin/../lib/gcc/arm-none-eabi/16.1.0/armv6k/fpu\libgcc.a(_divsi3.o)
                0x00100498                __divsi3
                0x00100498                __aeabi_idiv
                0x001006b8                __aeabi_idivmod
 .text          0x001006d8        0x4 C:/devkitPro/devkitARM/bin/../lib/gcc/arm-none-eabi/16.1.0/armv6k/fpu\libgcc.a(_dvmd_tls.o)
                0x001006d8                __aeabi_idiv0
                0x001006d8                __aeabi_ldiv0
 .text          0x001006dc       0x3c C:/devkitPro/devkitARM/bin/../lib/gcc/arm-none-eabi/16.1.0/armv6k/fpu\libgcc.a(_aeabi_uldivmod.o)
                0x001006dc                __aeabi_uldivmod
 *fill*         0x00100718        0x8 
 .text          0x00100720      0x390 C:/devkitPro/devkitARM/bin/../lib/gcc/arm-none-eabi/16.1.0/../../../../arm-none-eabi/lib/armv6k/fpu\libc.a(libc_a-strcmp.o)
                0x00100728                strcmp
 .text          0x00100ab0      0x3c0 C:/devkitPro/devkitARM/bin/../lib/gcc/arm-none-eabi/16.1.0/armv6k/fpu\libgcc.a(_arm_addsubdf3.o)
                0x00100ab0                __aeabi_drsub
                0x00100ab8                __aeabi_dsub
                0x00100ab8                __subdf3
                0x00100abc                __aeabi_dadd
                0x00100abc                __adddf3
                0x00100d68                __floatunsidf
                0x00100d68                __aeabi_ui2d
                0x00100d8c                __floatsidf
                0x00100d8c                __aeabi_i2d
                0x00100db4                __aeabi_f2d
                0x00100db4                __extendsfdf2
                0x00100dfc                __floatundidf
                0x00100dfc                __aeabi_ul2d
                0x00100e10                __floatdidf
                0x00100e10                __aeabi_l2d
 *(.text.*)
 .text.__do_global_dtors_aux
                0x00100e70       0x50 C:/devkitPro/devkitARM/bin/../lib/gcc/arm-none-eabi/16.1.0/armv6k/fpu/crtbegin.o
 .text.frame_dummy
                0x00100ec0       0x2c C:/devkitPro/devkitARM/bin/../lib/gcc/arm-none-eabi/16.1.0/armv6k/fpu/crtbegin.o
 .text.startup  0x00100eec      0x4e8 spotify.o
                0x00100eec                main
 .text._get_next_page
                0x001013d4      0x124 C:/devkitPro/portlibs/3ds/lib\libvorbisidec.a(vorbisfile.o)
 .text._initial_pcmoffset
                0x001014f8      0x104 C:/devkitPro/portlibs/3ds/lib\libvorbisidec.a(vorbisfile.o)
 .text._seek_helper
                0x001015fc       0x80 C:/devkitPro/portlibs/3ds/lib\libvorbisidec.a(vorbisfile.o)
 .text._make_decode_ready
                0x0010167c       0x98 C:/devkitPro/portlibs/3ds/lib\libvorbisidec.a(vorbisfile.o)
 .text._get_prev_page_serial
                0x00101714      0x208 C:/devkitPro/portlibs/3ds/lib\libvorbisidec.a(vorbisfile.o)
 .text._fetch_headers
                0x0010191c      0x354 C:/devkitPro/portlibs/3ds/lib\libvorbisidec.a(vorbisfile.o)
 .text._bisect_forward_serialno
                0x00101c70      0x538 C:/devkitPro/portlibs/3ds/lib\libvorbisidec.a(vorbisfile.o)
 .text._fetch_and_process_packet.constprop.10
                0x001021a8      0x36c C:/devkitPro/portlibs/3ds/lib\libvorbisidec.a(vorbisfile.o)
 .text.ov_clear
                0x00102514       0xf4 C:/devkitPro/portlibs/3ds/lib\libvorbisidec.a(vorbisfile.o)
                0x00102514                ov_clear
 .text._ov_open1
                0x00102608      0x214 C:/devkitPro/portlibs/3ds/lib\libvorbisidec.a(vorbisfile.o)
 .text.ov_pcm_total
                0x0010281c       0x4c C:/devkitPro/portlibs/3ds/lib\libvorbisidec.a(vorbisfile.o)
                0x0010281c                ov_pcm_total
 .text.ov_pcm_total.part.3
                0x00102868       0x58 C:/devkitPro/portlibs/3ds/lib\libvorbisidec.a(vorbisfile.o)
 .text.ov_raw_seek
                0x001028c0      0x49c C:/devkitPro/portlibs/3ds/lib\libvorbisidec.a(vorbisfile.o)
                0x001028c0                ov_raw_seek
 .text._open_seekable2
                0x00102d5c      0x1ac C:/devkitPro/portlibs/3ds/lib\libvorbisidec.a(vorbisfile.o)
 .text.ov_open_callbacks
                0x00102f08       0xa0 C:/devkitPro/portlibs/3ds/lib\libvorbisidec.a(vorbisfile.o)
                0x00102f08                ov_open_callbacks
 .text.ov_read  0x00102fa8      0x17c C:/devkitPro/portlibs/3ds/lib\libvorbisidec.a(vorbisfile.o)
                0x00102fa8                ov_read
 .text.vorbis_block_init
                0x00103124       0x24 C:/devkitPro/portlibs/3ds/lib\libvorbisidec.a(block.o)
                0x00103124                vorbis_block_init
 .text._vorbis_block_alloc
                0x00103148       0x74 C:/devkitPro/portlibs/3ds/lib\libvorbisidec.a(block.o)
                0x00103148                _vorbis_block_alloc
 .text._vorbis_block_ripcord
                0x001031bc       0x78 C:/devkitPro/portlibs/3ds/lib\libvorbisidec.a(block.o)
                0x001031bc                _vorbis_block_ripcord
 .text.vorbis_block_clear
                0x00103234       0x34 C:/devkitPro/portlibs/3ds/lib\libvorbisidec.a(block.o)
                0x00103234                vorbis_block_clear
 .text.vorbis_synthesis_restart
                0x00103268       0x78 C:/devkitPro/portlibs/3ds/lib\libvorbisidec.a(block.o)
                0x00103268                vorbis_synthesis_restart
 .text.vorbis_dsp_clear
                0x001032e0      0x124 C:/devkitPro/portlibs/3ds/lib\libvorbisidec.a(block.o)
                0x001032e0                vorbis_dsp_clear
 .text.vorbis_synthesis_init
                0x00103404      0x2cc C:/devkitPro/portlibs/3ds/lib\libvorbisidec.a(block.o)
                0x00103404                vorbis_synthesis_init
 .text.vorbis_synthesis_blockin
                0x001036d0      0x650 C:/devkitPro/portlibs/3ds/lib\libvorbisidec.a(block.o)
                0x001036d0                vorbis_synthesis_blockin
 .text.vorbis_synthesis_pcmout
                0x00103d20       0x74 C:/devkitPro/portlibs/3ds/lib\libvorbisidec.a(block.o)
                0x00103d20                vorbis_synthesis_pcmout
 .text.vorbis_synthesis_read
                0x00103d94       0x30 C:/devkitPro/portlibs/3ds/lib\libvorbisidec.a(block.o)
                0x00103d94                vorbis_synthesis_read
 .text._vorbis_window
                0x00103dc4       0xb8 C:/devkitPro/portlibs/3ds/lib\libvorbisidec.a(window.o)
                0x00103dc4                _vorbis_window
 .text._vorbis_apply_window
                0x00103e7c      0x164 C:/devkitPro/portlibs/3ds/lib\libvorbisidec.a(window.o)
                0x00103e7c                _vorbis_apply_window
 .text._vorbis_synthesis1
                0x00103fe0      0x1c4 C:/devkitPro/portlibs/3ds/lib\libvorbisidec.a(synthesis.o)
 .text.vorbis_synthesis
                0x001041a4        0x8 C:/devkitPro/portlibs/3ds/lib\libvorbisidec.a(synthesis.o)
                0x001041a4                vorbis_synthesis
 .text.vorbis_packet_blocksize
                0x001041ac       0x88 C:/devkitPro/portlibs/3ds/lib\libvorbisidec.a(synthesis.o)
                0x001041ac                vorbis_packet_blocksize
 .text.vorbis_comment_init
                0x00104234       0x18 C:/devkitPro/portlibs/3ds/lib\libvorbisidec.a(info.o)
                0x00104234                vorbis_comment_init
 .text.vorbis_comment_clear
                0x0010424c       0x8c C:/devkitPro/portlibs/3ds/lib\libvorbisidec.a(info.o)
                0x0010424c                vorbis_comment_clear
 .text.vorbis_info_init
                0x001042d8       0x40 C:/devkitPro/portlibs/3ds/lib\libvorbisidec.a(info.o)
                0x001042d8                vorbis_info_init
 .text.vorbis_info_clear
                0x00104318      0x1a8 C:/devkitPro/portlibs/3ds/lib\libvorbisidec.a(info.o)
                0x00104318                vorbis_info_clear
 .text.vorbis_synthesis_idheader
                0x001044c0       0xb0 C:/devkitPro/portlibs/3ds/lib\libvorbisidec.a(info.o)
                0x001044c0                vorbis_synthesis_idheader
 .text.vorbis_synthesis_headerin
                0x00104570      0x6b0 C:/devkitPro/portlibs/3ds/lib\libvorbisidec.a(info.o)
                0x00104570                vorbis_synthesis_headerin
 .text.vorbis_staticbook_unpack
                0x00104c20      0x3d0 C:/devkitPro/portlibs/3ds/lib\libvorbisidec.a(codebook.o)
                0x00104c20                vorbis_staticbook_unpack
 .text.vorbis_book_decode
                0x00104ff0      0x1b0 C:/devkitPro/portlibs/3ds/lib\libvorbisidec.a(codebook.o)
                0x00104ff0                vorbis_book_decode
 .text.vorbis_book_decodevs_add
                0x001051a0      0x550 C:/devkitPro/portlibs/3ds/lib\libvorbisidec.a(codebook.o)
                0x001051a0                vorbis_book_decodevs_add
 .text.vorbis_book_decodev_add
                0x001056f0      0x448 C:/devkitPro/portlibs/3ds/lib\libvorbisidec.a(codebook.o)
                0x001056f0                vorbis_book_decodev_add
 .text.vorbis_book_decodev_set
                0x00105b38      0x460 C:/devkitPro/portlibs/3ds/lib\libvorbisidec.a(codebook.o)
                0x00105b38                vorbis_book_decodev_set
 .text.vorbis_book_decodevv_add
                0x00105f98      0x424 C:/devkitPro/portlibs/3ds/lib\libvorbisidec.a(codebook.o)
                0x00105f98                vorbis_book_decodevv_add
 .text.bitreverse
                0x001063bc       0x5c C:/devkitPro/portlibs/3ds/lib\libvorbisidec.a(sharedbook.o)
 .text.sort32a  0x00106418       0x2c C:/devkitPro/portlibs/3ds/lib\libvorbisidec.a(sharedbook.o)
 .text._ilog    0x00106444       0x24 C:/devkitPro/portlibs/3ds/lib\libvorbisidec.a(sharedbook.o)
                0x00106444                _ilog
 .text._make_words
                0x00106468      0x284 C:/devkitPro/portlibs/3ds/lib\libvorbisidec.a(sharedbook.o)
                0x00106468                _make_words
 .text._book_maptype1_quantvals
                0x001066ec       0xac C:/devkitPro/portlibs/3ds/lib\libvorbisidec.a(sharedbook.o)
                0x001066ec                _book_maptype1_quantvals
 .text._book_unquantize.part.1
                0x00106798      0x728 C:/devkitPro/portlibs/3ds/lib\libvorbisidec.a(sharedbook.o)
 .text.vorbis_staticbook_destroy
                0x00106ec0       0x34 C:/devkitPro/portlibs/3ds/lib\libvorbisidec.a(sharedbook.o)
                0x00106ec0                vorbis_staticbook_destroy
 .text.vorbis_book_clear
                0x00106ef4       0x6c C:/devkitPro/portlibs/3ds/lib\libvorbisidec.a(sharedbook.o)
                0x00106ef4                vorbis_book_clear
 .text.vorbis_book_init_decode
                0x00106f60      0x4d0 C:/devkitPro/portlibs/3ds/lib\libvorbisidec.a(sharedbook.o)
                0x00106f60                vorbis_book_init_decode
 .text.icomp    0x00107430       0x18 C:/devkitPro/portlibs/3ds/lib\libvorbisidec.a(floor1.o)
 .text.floor1_inverse2
                0x00107448      0x240 C:/devkitPro/portlibs/3ds/lib\libvorbisidec.a(floor1.o)
 .text.floor1_inverse1
                0x00107688      0x324 C:/devkitPro/portlibs/3ds/lib\libvorbisidec.a(floor1.o)
 .text.floor1_free_look
                0x001079ac        0xc C:/devkitPro/portlibs/3ds/lib\libvorbisidec.a(floor1.o)
 .text.floor1_free_info
                0x001079b8        0xc C:/devkitPro/portlibs/3ds/lib\libvorbisidec.a(floor1.o)
 .text.floor1_look
                0x001079c4      0x208 C:/devkitPro/portlibs/3ds/lib\libvorbisidec.a(floor1.o)
 .text.floor1_unpack
                0x00107bcc      0x31c C:/devkitPro/portlibs/3ds/lib\libvorbisidec.a(floor1.o)
 .text.floor0_inverse1
                0x00107ee8      0x154 C:/devkitPro/portlibs/3ds/lib\libvorbisidec.a(floor0.o)
 .text.floor0_free_info
                0x0010803c        0xc C:/devkitPro/portlibs/3ds/lib\libvorbisidec.a(floor0.o)
 .text.floor0_unpack
                0x00108048      0x11c C:/devkitPro/portlibs/3ds/lib\libvorbisidec.a(floor0.o)
 .text.floor0_free_look
                0x00108164       0x38 C:/devkitPro/portlibs/3ds/lib\libvorbisidec.a(floor0.o)
 .text.floor0_look
                0x0010819c      0x244 C:/devkitPro/portlibs/3ds/lib\libvorbisidec.a(floor0.o)
 .text.vorbis_lsp_to_curve
                0x001083e0      0x3e0 C:/devkitPro/portlibs/3ds/lib\libvorbisidec.a(floor0.o)
                0x001083e0                vorbis_lsp_to_curve
 .text.floor0_inverse2
                0x001087c0       0x6c C:/devkitPro/portlibs/3ds/lib\libvorbisidec.a(floor0.o)
 .text.res0_free_info
                0x0010882c        0xc C:/devkitPro/portlibs/3ds/lib\libvorbisidec.a(res012.o)
                0x0010882c                res0_free_info
 .text.res0_unpack
                0x00108838      0x218 C:/devkitPro/portlibs/3ds/lib\libvorbisidec.a(res012.o)
                0x00108838                res0_unpack
 .text.res0_look
                0x00108a50      0x2a8 C:/devkitPro/portlibs/3ds/lib\libvorbisidec.a(res012.o)
                0x00108a50                res0_look
 .text._01inverse
                0x00108cf8      0x2bc C:/devkitPro/portlibs/3ds/lib\libvorbisidec.a(res012.o)
 .text.res0_inverse
                0x00108fb4       0x68 C:/devkitPro/portlibs/3ds/lib\libvorbisidec.a(res012.o)
                0x00108fb4                res0_inverse
 .text.res1_inverse
                0x0010901c       0x68 C:/devkitPro/portlibs/3ds/lib\libvorbisidec.a(res012.o)
                0x0010901c                res1_inverse
 .text.res2_inverse
                0x00109084      0x254 C:/devkitPro/portlibs/3ds/lib\libvorbisidec.a(res012.o)
                0x00109084                res2_inverse
 .text.res0_free_look
                0x001092d8       0x8c C:/devkitPro/portlibs/3ds/lib\libvorbisidec.a(res012.o)
                0x001092d8                res0_free_look
 .text.mapping0_inverse
                0x00109364      0x4a8 C:/devkitPro/portlibs/3ds/lib\libvorbisidec.a(mapping0.o)
 .text.mapping0_free_info
                0x0010980c        0xc C:/devkitPro/portlibs/3ds/lib\libvorbisidec.a(mapping0.o)
 .text.mapping0_look
                0x00109818      0x140 C:/devkitPro/portlibs/3ds/lib\libvorbisidec.a(mapping0.o)
 .text.mapping0_unpack
                0x00109958      0x260 C:/devkitPro/portlibs/3ds/lib\libvorbisidec.a(mapping0.o)
 .text.mapping0_free_look
                0x00109bb8       0x90 C:/devkitPro/portlibs/3ds/lib\libvorbisidec.a(mapping0.o)
 .text.mdct_backward
                0x00109c48     0x1a00 C:/devkitPro/portlibs/3ds/lib\libvorbisidec.a(mdct.o)
                0x00109c48                mdct_backward
 .text._os_update_crc
                0x0010b648       0xf0 C:/devkitPro/portlibs/3ds/lib\libogg.a(framing.o)
 .text._packetout
                0x0010b738      0x12c C:/devkitPro/portlibs/3ds/lib\libogg.a(framing.o)
 .text.ogg_page_bos
                0x0010b864       0x10 C:/devkitPro/portlibs/3ds/lib\libogg.a(framing.o)
                0x0010b864                ogg_page_bos
 .text.ogg_page_eos
                0x0010b874       0x10 C:/devkitPro/portlibs/3ds/lib\libogg.a(framing.o)
                0x0010b874                ogg_page_eos
 .text.ogg_page_granulepos
                0x0010b884       0x10 C:/devkitPro/portlibs/3ds/lib\libogg.a(framing.o)
                0x0010b884                ogg_page_granulepos
 .text.ogg_page_serialno
                0x0010b894        0xc C:/devkitPro/portlibs/3ds/lib\libogg.a(framing.o)
                0x0010b894                ogg_page_serialno
 .text.ogg_stream_clear
                0x0010b8a0       0x54 C:/devkitPro/portlibs/3ds/lib\libogg.a(framing.o)
                0x0010b8a0                ogg_stream_clear
 .text.ogg_stream_init
                0x0010b8f4       0x90 C:/devkitPro/portlibs/3ds/lib\libogg.a(framing.o)
                0x0010b8f4                ogg_stream_init
 .text._os_body_expand
                0x0010b984       0x88 C:/devkitPro/portlibs/3ds/lib\libogg.a(framing.o)
 .text._os_lacing_expand
                0x0010ba0c       0x8c C:/devkitPro/portlibs/3ds/lib\libogg.a(framing.o)
 .text.ogg_page_checksum_set
                0x0010ba98       0x88 C:/devkitPro/portlibs/3ds/lib\libogg.a(framing.o)
                0x0010ba98                ogg_page_checksum_set
 .text.ogg_sync_init
                0x0010bb20       0x30 C:/devkitPro/portlibs/3ds/lib\libogg.a(framing.o)
                0x0010bb20                ogg_sync_init
 .text.ogg_sync_clear
                0x0010bb50       0x5c C:/devkitPro/portlibs/3ds/lib\libogg.a(framing.o)
                0x0010bb50                ogg_sync_clear
 .text.ogg_sync_buffer
                0x0010bbac      0x130 C:/devkitPro/portlibs/3ds/lib\libogg.a(framing.o)
                0x0010bbac                ogg_sync_buffer
 .text.ogg_sync_wrote
                0x0010bcdc       0x34 C:/devkitPro/portlibs/3ds/lib\libogg.a(framing.o)
                0x0010bcdc                ogg_sync_wrote
 .text.ogg_sync_pageseek
                0x0010bd10      0x210 C:/devkitPro/portlibs/3ds/lib\libogg.a(framing.o)
                0x0010bd10                ogg_sync_pageseek
 .text.ogg_stream_pagein
                0x0010bf20      0x380 C:/devkitPro/portlibs/3ds/lib\libogg.a(framing.o)
                0x0010bf20                ogg_stream_pagein
 .text.ogg_sync_reset
                0x0010c2a0       0x30 C:/devkitPro/portlibs/3ds/lib\libogg.a(framing.o)
                0x0010c2a0                ogg_sync_reset
 .text.ogg_stream_reset
                0x0010c2d0       0x60 C:/devkitPro/portlibs/3ds/lib\libogg.a(framing.o)
                0x0010c2d0                ogg_stream_reset
 .text.ogg_stream_reset_serialno
                0x0010c330       0x68 C:/devkitPro/portlibs/3ds/lib\libogg.a(framing.o)
                0x0010c330                ogg_stream_reset_serialno
 .text.ogg_stream_packetout
                0x0010c398       0x24 C:/devkitPro/portlibs/3ds/lib\libogg.a(framing.o)
                0x0010c398                ogg_stream_packetout
 .text.oggpack_readinit
                0x0010c3bc       0x1c C:/devkitPro/portlibs/3ds/lib\libogg.a(bitwise.o)
                0x0010c3bc                oggpack_readinit
 .text.oggpack_look
                0x0010c3d8       0xd0 C:/devkitPro/portlibs/3ds/lib\libogg.a(bitwise.o)
                0x0010c3d8                oggpack_look
 .text.oggpack_adv
                0x0010c4a8       0x58 C:/devkitPro/portlibs/3ds/lib\libogg.a(bitwise.o)
                0x0010c4a8                oggpack_adv
 .text.oggpack_read
                0x0010c500      0x100 C:/devkitPro/portlibs/3ds/lib\libogg.a(bitwise.o)
                0x0010c500                oggpack_read
 .text.oggpack_bytes
                0x0010c600       0x14 C:/devkitPro/portlibs/3ds/lib\libogg.a(bitwise.o)
                0x0010c600                oggpack_bytes
 .text._ZL21addrMapNodeComparatorPK11rbtree_nodeS1_
                0x0010c614       0x24 C:/devkitPro/libctru/lib\libctru.a(linear.o)
 .text._ZL21addrMapNodeDestructorP11rbtree_node
                0x0010c638        0x4 C:/devkitPro/libctru/lib\libctru.a(linear.o)
 .text.linearMemAlign
                0x0010c63c      0x12c C:/devkitPro/libctru/lib\libctru.a(linear.o)
                0x0010c63c                linearMemAlign
 .text.linearAlloc
                0x0010c768        0x8 C:/devkitPro/libctru/lib\libctru.a(linear.o)
                0x0010c768                linearAlloc
 .text.linearFree
                0x0010c770       0x5c C:/devkitPro/libctru/lib\libctru.a(linear.o)
                0x0010c770                linearFree
 .text._ZN7MemPool13CoalesceRightEP8MemBlock
                0x0010c7cc       0x88 C:/devkitPro/libctru/lib\libctru.a(mem_pool.o)
                0x0010c7cc                MemPool::CoalesceRight(MemBlock*)
 .text._ZN7MemPool8AllocateER8MemChunkmi
                0x0010c854      0x178 C:/devkitPro/libctru/lib\libctru.a(mem_pool.o)
                0x0010c854                MemPool::Allocate(MemChunk&, unsigned long, int)
 .text._ZN7MemPool10DeallocateERK8MemChunk
                0x0010c9cc      0x118 C:/devkitPro/libctru/lib\libctru.a(mem_pool.o)
                0x0010c9cc                MemPool::Deallocate(MemChunk const&)
 .text._ZN7MemPool12GetFreeSpaceEv
                0x0010cae4       0x30 C:/devkitPro/libctru/lib\libctru.a(mem_pool.o)
                0x0010cae4                MemPool::GetFreeSpace()
 .text.consoleDrawChar
                0x0010cb14      0x1c8 C:/devkitPro/libctru/lib\libctru.a(console.o)
                0x0010cb14                consoleDrawChar
 .text.consolePrintChar
                0x0010ccdc      0x170 C:/devkitPro/libctru/lib\libctru.a(console.o)
                0x0010ccdc                consolePrintChar
 .text.con_write
                0x0010ce4c      0xcc8 C:/devkitPro/libctru/lib\libctru.a(console.o)
                0x0010ce4c                con_write
 .text.newRow   0x0010db14       0xfc C:/devkitPro/libctru/lib\libctru.a(console.o)
 .text.consoleInit
                0x0010dc10      0x180 C:/devkitPro/libctru/lib\libctru.a(console.o)
                0x0010dc10                consoleInit
 .text.gfxPresentFramebuffer
                0x0010dd90       0xcc C:/devkitPro/libctru/lib\libctru.a(gfx.o)
 .text.gfxIsWide
                0x0010de5c       0x1c C:/devkitPro/libctru/lib\libctru.a(gfx.o)
                0x0010de5c                gfxIsWide
 .text.gfxSetScreenFormat
                0x0010de78       0xf8 C:/devkitPro/libctru/lib\libctru.a(gfx.o)
                0x0010de78                gfxSetScreenFormat
 .text.gfxSetDoubleBuffering
                0x0010df70       0x10 C:/devkitPro/libctru/lib\libctru.a(gfx.o)
                0x0010df70                gfxSetDoubleBuffering
 .text.gfxInit  0x0010df80       0xd8 C:/devkitPro/libctru/lib\libctru.a(gfx.o)
                0x0010df80                gfxInit
 .text.gfxInitDefault
                0x0010e058       0x10 C:/devkitPro/libctru/lib\libctru.a(gfx.o)
                0x0010e058                gfxInitDefault
 .text.gfxExit  0x0010e068       0xb8 C:/devkitPro/libctru/lib\libctru.a(gfx.o)
                0x0010e068                gfxExit
 .text.gfxGetFramebuffer
                0x0010e120       0xa0 C:/devkitPro/libctru/lib\libctru.a(gfx.o)
                0x0010e120                gfxGetFramebuffer
 .text.gfxFlushBuffers
                0x0010e1c0      0x100 C:/devkitPro/libctru/lib\libctru.a(gfx.o)
                0x0010e1c0                gfxFlushBuffers
 .text.gfxSwapBuffers
                0x0010e2c0       0x50 C:/devkitPro/libctru/lib\libctru.a(gfx.o)
                0x0010e2c0                gfxSwapBuffers
 .text.gfxSwapBuffersGpu
                0x0010e310       0x50 C:/devkitPro/libctru/lib\libctru.a(gfx.o)
                0x0010e310                gfxSwapBuffersGpu
 .text.ndspUpdateMaster
                0x0010e360      0x158 C:/devkitPro/libctru/lib\libctru.a(ndsp.o)
 .text.ndspFinalize
                0x0010e4b8      0x108 C:/devkitPro/libctru/lib\libctru.a(ndsp.o)
 .text.ndspInitialize.part.0
                0x0010e5c0      0x25c C:/devkitPro/libctru/lib\libctru.a(ndsp.o)
 .text.ndspHookCallback
                0x0010e81c      0x108 C:/devkitPro/libctru/lib\libctru.a(ndsp.o)
 *fill*         0x0010e924        0x4 
 .text.ndspThreadMain
                0x0010e928      0x318 C:/devkitPro/libctru/lib\libctru.a(ndsp.o)
 .text.ndspInit
                0x0010ec40      0x3f0 C:/devkitPro/libctru/lib\libctru.a(ndsp.o)
                0x0010ec40                ndspInit
 .text.ndspExit
                0x0010f030       0xd8 C:/devkitPro/libctru/lib\libctru.a(ndsp.o)
                0x0010f030                ndspExit
 .text.ndspSetOutputMode
                0x0010f108       0x34 C:/devkitPro/libctru/lib\libctru.a(ndsp.o)
                0x0010f108                ndspSetOutputMode
 .text.ndspChnReset
                0x0010f13c       0xe0 C:/devkitPro/libctru/lib\libctru.a(ndsp-channel.o)
                0x0010f13c                ndspChnReset
 .text.ndspChnSetFormat
                0x0010f21c       0x18 C:/devkitPro/libctru/lib\libctru.a(ndsp-channel.o)
                0x0010f21c                ndspChnSetFormat
 .text.ndspChnSetInterp
                0x0010f234       0x50 C:/devkitPro/libctru/lib\libctru.a(ndsp-channel.o)
                0x0010f234                ndspChnSetInterp
 .text.ndspChnSetRate
                0x0010f284       0x60 C:/devkitPro/libctru/lib\libctru.a(ndsp-channel.o)
                0x0010f284                ndspChnSetRate
 .text.ndspChnWaveBufClear
                0x0010f2e4       0xb0 C:/devkitPro/libctru/lib\libctru.a(ndsp-channel.o)
                0x0010f2e4                ndspChnWaveBufClear
 .text.ndspChnWaveBufAdd
                0x0010f394       0xc8 C:/devkitPro/libctru/lib\libctru.a(ndsp-channel.o)
                0x0010f394                ndspChnWaveBufAdd
 .text.ndspiInitChn
                0x0010f45c       0x40 C:/devkitPro/libctru/lib\libctru.a(ndsp-channel.o)
                0x0010f45c                ndspiInitChn
 .text.ndspiDirtyChn
                0x0010f49c       0x2c C:/devkitPro/libctru/lib\libctru.a(ndsp-channel.o)
                0x0010f49c                ndspiDirtyChn
 .text.ndspiUpdateChn
                0x0010f4c8      0x43c C:/devkitPro/libctru/lib\libctru.a(ndsp-channel.o)
                0x0010f4c8                ndspiUpdateChn
 .text.ndspiReadChnState
                0x0010f904      0x180 C:/devkitPro/libctru/lib\libctru.a(ndsp-channel.o)
                0x0010f904                ndspiReadChnState
 .text.aptConvertScreenForCapture
                0x0010fa84      0x180 C:/devkitPro/libctru/lib\libctru.a(apt.o)
 .text.aptSendCommand
                0x0010fc04      0x138 C:/devkitPro/libctru/lib\libctru.a(apt.o)
                0x0010fc04                aptSendCommand
 *fill*         0x0010fd3c        0x4 
 .text.aptExitProcess
                0x0010fd40       0x44 C:/devkitPro/libctru/lib\libctru.a(apt.o)
 .text.aptExit  0x0010fd84      0x394 C:/devkitPro/libctru/lib\libctru.a(apt.o)
                0x0010fd84                aptExit
 .text.aptHandleSleep
                0x00110118       0xd8 C:/devkitPro/libctru/lib\libctru.a(apt.o)
                0x00110118                aptHandleSleep
 .text.aptSetMessageCallback
                0x001101f0       0x1c C:/devkitPro/libctru/lib\libctru.a(apt.o)
                0x001101f0                aptSetMessageCallback
 .text.APT_SleepIfShellClosed
                0x0011020c       0x84 C:/devkitPro/libctru/lib\libctru.a(apt.o)
                0x0011020c                APT_SleepIfShellClosed
 .text.aptSetSleepAllowed
                0x00110290       0x78 C:/devkitPro/libctru/lib\libctru.a(apt.o)
                0x00110290                aptSetSleepAllowed
 .text.APT_UnlockTransition
                0x00110308       0x84 C:/devkitPro/libctru/lib\libctru.a(apt.o)
                0x00110308                APT_UnlockTransition
 *fill*         0x0011038c        0x4 
 .text.aptEventHandler
                0x00110390      0x470 C:/devkitPro/libctru/lib\libctru.a(apt.o)
 .text.APT_ReceiveParameter
                0x00110800       0xbc C:/devkitPro/libctru/lib\libctru.a(apt.o)
                0x00110800                APT_ReceiveParameter
 .text.aptReceiveParameter.constprop.0
                0x001108bc       0xb0 C:/devkitPro/libctru/lib\libctru.a(apt.o)
 *fill*         0x0011096c        0x4 
 .text.aptScreenTransfer
                0x00110970      0x294 C:/devkitPro/libctru/lib\libctru.a(apt.o)
 .text.aptWaitForWakeUp.isra.0
                0x00110c04      0x2d0 C:/devkitPro/libctru/lib\libctru.a(apt.o)
 .text.aptLaunchLibraryApplet
                0x00110ed4      0x114 C:/devkitPro/libctru/lib\libctru.a(apt.o)
                0x00110ed4                aptLaunchLibraryApplet
 .text.aptJumpToHomeMenu
                0x00110fe8       0xf4 C:/devkitPro/libctru/lib\libctru.a(apt.o)
                0x00110fe8                aptJumpToHomeMenu
 .text.aptMainLoop
                0x001110dc       0x58 C:/devkitPro/libctru/lib\libctru.a(apt.o)
                0x001110dc                aptMainLoop
 .text.aptInit  0x00111134      0x240 C:/devkitPro/libctru/lib\libctru.a(apt.o)
                0x00111134                aptInit
 .text.APT_SendParameter
                0x00111374       0x5c C:/devkitPro/libctru/lib\libctru.a(apt.o)
                0x00111374                APT_SendParameter
 .text.APT_CheckNew3DS
                0x001113d0       0x90 C:/devkitPro/libctru/lib\libctru.a(apt.o)
                0x001113d0                APT_CheckNew3DS
 .text.cfguInit
                0x00111460       0xa8 C:/devkitPro/libctru/lib\libctru.a(cfgu.o)
                0x00111460                cfguInit
 .text.cfguExit
                0x00111508       0x3c C:/devkitPro/libctru/lib\libctru.a(cfgu.o)
                0x00111508                cfguExit
 .text.CFGU_GetConfigInfoBlk2
                0x00111544       0x4c C:/devkitPro/libctru/lib\libctru.a(cfgu.o)
                0x00111544                CFGU_GetConfigInfoBlk2
 .text.DSP_LoadComponent.part.0
                0x00111590       0xa4 C:/devkitPro/libctru/lib\libctru.a(dsp.o)
 .text.dspInit  0x00111634       0xfc C:/devkitPro/libctru/lib\libctru.a(dsp.o)
                0x00111634                dspInit
 .text.dspExit  0x00111730       0x8c C:/devkitPro/libctru/lib\libctru.a(dsp.o)
                0x00111730                dspExit
 .text.dspHook  0x001117bc       0x24 C:/devkitPro/libctru/lib\libctru.a(dsp.o)
                0x001117bc                dspHook
 .text.dspUnhook
                0x001117e0       0x30 C:/devkitPro/libctru/lib\libctru.a(dsp.o)
                0x001117e0                dspUnhook
 .text.aptDspSleep
                0x00111810       0xb4 C:/devkitPro/libctru/lib\libctru.a(dsp.o)
                0x00111810                aptDspSleep
 .text.aptDspWakeup
                0x001118c4       0xb4 C:/devkitPro/libctru/lib\libctru.a(dsp.o)
                0x001118c4                aptDspWakeup
 .text.aptDspCancel
                0x00111978       0x44 C:/devkitPro/libctru/lib\libctru.a(dsp.o)
                0x00111978                aptDspCancel
 .text.DSP_FlushDataCache
                0x001119bc       0x50 C:/devkitPro/libctru/lib\libctru.a(dsp.o)
                0x001119bc                DSP_FlushDataCache
 .text.DSP_SetSemaphore
                0x00111a0c       0x34 C:/devkitPro/libctru/lib\libctru.a(dsp.o)
                0x00111a0c                DSP_SetSemaphore
 .text.DSP_SetSemaphoreMask
                0x00111a40       0x34 C:/devkitPro/libctru/lib\libctru.a(dsp.o)
                0x00111a40                DSP_SetSemaphoreMask
 .text.DSP_GetSemaphoreHandle
                0x00111a74       0x38 C:/devkitPro/libctru/lib\libctru.a(dsp.o)
                0x00111a74                DSP_GetSemaphoreHandle
 .text.DSP_LoadComponent
                0x00111aac       0x3c C:/devkitPro/libctru/lib\libctru.a(dsp.o)
                0x00111aac                DSP_LoadComponent
 .text.DSP_RegisterInterruptEvents
                0x00111ae8       0x44 C:/devkitPro/libctru/lib\libctru.a(dsp.o)
                0x00111ae8                DSP_RegisterInterruptEvents
 .text.DSP_ReadPipeIfPossible
                0x00111b2c       0x78 C:/devkitPro/libctru/lib\libctru.a(dsp.o)
                0x00111b2c                DSP_ReadPipeIfPossible
 .text.DSP_WriteProcessPipe
                0x00111ba4       0x4c C:/devkitPro/libctru/lib\libctru.a(dsp.o)
                0x00111ba4                DSP_WriteProcessPipe
 .text.DSP_ConvertProcessAddressFromDspDram
                0x00111bf0       0x44 C:/devkitPro/libctru/lib\libctru.a(dsp.o)
                0x00111bf0                DSP_ConvertProcessAddressFromDspDram
 .text.DSP_RecvData
                0x00111c34       0x44 C:/devkitPro/libctru/lib\libctru.a(dsp.o)
                0x00111c34                DSP_RecvData
 .text.DSP_RecvDataIsReady
                0x00111c78       0x50 C:/devkitPro/libctru/lib\libctru.a(dsp.o)
                0x00111c78                DSP_RecvDataIsReady
 .text.fsInit   0x00111cc8      0x104 C:/devkitPro/libctru/lib\libctru.a(fs.o)
                0x00111cc8                fsInit
 .text.fsExit   0x00111dcc       0x3c C:/devkitPro/libctru/lib\libctru.a(fs.o)
                0x00111dcc                fsExit
 .text.fsExemptFromSession
                0x00111e08       0x68 C:/devkitPro/libctru/lib\libctru.a(fs.o)
                0x00111e08                fsExemptFromSession
 .text.fsUnexemptFromSession
                0x00111e70       0x50 C:/devkitPro/libctru/lib\libctru.a(fs.o)
                0x00111e70                fsUnexemptFromSession
 .text.FSUSER_OpenFile
                0x00111ec0       0xcc C:/devkitPro/libctru/lib\libctru.a(fs.o)
                0x00111ec0                FSUSER_OpenFile
 .text.FSUSER_OpenFileDirectly
                0x00111f8c       0xcc C:/devkitPro/libctru/lib\libctru.a(fs.o)
                0x00111f8c                FSUSER_OpenFileDirectly
 .text.FSUSER_DeleteFile
                0x00112058       0xb8 C:/devkitPro/libctru/lib\libctru.a(fs.o)
                0x00112058                FSUSER_DeleteFile
 .text.FSUSER_RenameFile
                0x00112110       0xf4 C:/devkitPro/libctru/lib\libctru.a(fs.o)
                0x00112110                FSUSER_RenameFile
 .text.FSUSER_DeleteDirectory
                0x00112204       0xb8 C:/devkitPro/libctru/lib\libctru.a(fs.o)
                0x00112204                FSUSER_DeleteDirectory
 .text.FSUSER_CreateFile
                0x001122bc       0xd0 C:/devkitPro/libctru/lib\libctru.a(fs.o)
                0x001122bc                FSUSER_CreateFile
 .text.FSUSER_CreateDirectory
                0x0011238c       0xc0 C:/devkitPro/libctru/lib\libctru.a(fs.o)
                0x0011238c                FSUSER_CreateDirectory
 .text.FSUSER_RenameDirectory
                0x0011244c       0xf4 C:/devkitPro/libctru/lib\libctru.a(fs.o)
                0x0011244c                FSUSER_RenameDirectory
 .text.FSUSER_OpenDirectory
                0x00112540       0xb4 C:/devkitPro/libctru/lib\libctru.a(fs.o)
                0x00112540                FSUSER_OpenDirectory
 .text.FSUSER_OpenArchive
                0x001125f4       0x90 C:/devkitPro/libctru/lib\libctru.a(fs.o)
                0x001125f4                FSUSER_OpenArchive
 .text.FSUSER_CloseArchive
                0x00112684       0x8c C:/devkitPro/libctru/lib\libctru.a(fs.o)
                0x00112684                FSUSER_CloseArchive
 .text.FSUSER_GetSdmcArchiveResource
                0x00112710       0x74 C:/devkitPro/libctru/lib\libctru.a(fs.o)
                0x00112710                FSUSER_GetSdmcArchiveResource
 .text.FSUSER_IsSdmcWritable
                0x00112784       0x64 C:/devkitPro/libctru/lib\libctru.a(fs.o)
                0x00112784                FSUSER_IsSdmcWritable
 .text.FSFILE_Read
                0x001127e8       0x64 C:/devkitPro/libctru/lib\libctru.a(fs.o)
                0x001127e8                FSFILE_Read
 .text.FSFILE_Write
                0x0011284c       0x6c C:/devkitPro/libctru/lib\libctru.a(fs.o)
                0x0011284c                FSFILE_Write
 .text.FSFILE_GetSize
                0x001128b8       0x44 C:/devkitPro/libctru/lib\libctru.a(fs.o)
                0x001128b8                FSFILE_GetSize
 .text.FSFILE_SetSize
                0x001128fc       0x28 C:/devkitPro/libctru/lib\libctru.a(fs.o)
                0x001128fc                FSFILE_SetSize
 .text.FSFILE_Close
                0x00112924       0x3c C:/devkitPro/libctru/lib\libctru.a(fs.o)
                0x00112924                FSFILE_Close
 .text.FSFILE_Flush
                0x00112960       0x24 C:/devkitPro/libctru/lib\libctru.a(fs.o)
                0x00112960                FSFILE_Flush
 .text.FSDIR_Read
                0x00112984       0x60 C:/devkitPro/libctru/lib\libctru.a(fs.o)
                0x00112984                FSDIR_Read
 .text.FSDIR_Close
                0x001129e4       0x3c C:/devkitPro/libctru/lib\libctru.a(fs.o)
                0x001129e4                FSDIR_Close
 .text.gspHardwareInit
                0x00112a20      0xc70 C:/devkitPro/libctru/lib\libctru.a(gspgpu.o)
 .text.gspInit  0x00113690      0x288 C:/devkitPro/libctru/lib\libctru.a(gspgpu.o)
                0x00113690                gspInit
 .text.gspExit  0x00113918      0x104 C:/devkitPro/libctru/lib\libctru.a(gspgpu.o)
                0x00113918                gspExit
 .text.gspHasGpuRight
                0x00113a1c       0x10 C:/devkitPro/libctru/lib\libctru.a(gspgpu.o)
                0x00113a1c                gspHasGpuRight
 .text.gspPresentBuffer
                0x00113a2c       0xa4 C:/devkitPro/libctru/lib\libctru.a(gspgpu.o)
                0x00113a2c                gspPresentBuffer
 .text.gspWaitForEvent
                0x00113ad0       0x50 C:/devkitPro/libctru/lib\libctru.a(gspgpu.o)
                0x00113ad0                gspWaitForEvent
 .text.gxCmdQueueInterrupt
                0x00113b20        0x4 C:/devkitPro/libctru/lib\libctru.a(gspgpu.o)
                0x00113b20                gxCmdQueueInterrupt
 .text.gspEventThreadMain
                0x00113b24      0x154 C:/devkitPro/libctru/lib\libctru.a(gspgpu.o)
 .text.GSPGPU_FlushDataCache
                0x00113c78       0x50 C:/devkitPro/libctru/lib\libctru.a(gspgpu.o)
                0x00113c78                GSPGPU_FlushDataCache
 .text.GSPGPU_SetLcdForceBlack
                0x00113cc8       0x34 C:/devkitPro/libctru/lib\libctru.a(gspgpu.o)
                0x00113cc8                GSPGPU_SetLcdForceBlack
 .text.GSPGPU_AcquireRight
                0x00113cfc       0x84 C:/devkitPro/libctru/lib\libctru.a(gspgpu.o)
                0x00113cfc                GSPGPU_AcquireRight
 .text.GSPGPU_ReleaseRight
                0x00113d80       0x64 C:/devkitPro/libctru/lib\libctru.a(gspgpu.o)
                0x00113d80                GSPGPU_ReleaseRight
 .text.GSPGPU_ImportDisplayCaptureInfo
                0x00113de4       0x7c C:/devkitPro/libctru/lib\libctru.a(gspgpu.o)
                0x00113de4                GSPGPU_ImportDisplayCaptureInfo
 .text.GSPGPU_SaveVramSysArea
                0x00113e60       0x2c C:/devkitPro/libctru/lib\libctru.a(gspgpu.o)
                0x00113e60                GSPGPU_SaveVramSysArea
 .text.GSPGPU_RestoreVramSysArea
                0x00113e8c       0x2c C:/devkitPro/libctru/lib\libctru.a(gspgpu.o)
                0x00113e8c                GSPGPU_RestoreVramSysArea
 .text.hidShouldUseIrrst
                0x00113eb8       0x24 C:/devkitPro/libctru/lib\libctru.a(hid.o)
                0x00113eb8                hidShouldUseIrrst
 .text.hidInit  0x00113edc      0x1cc C:/devkitPro/libctru/lib\libctru.a(hid.o)
                0x00113edc                hidInit
 .text.hidExit  0x001140a8       0xe8 C:/devkitPro/libctru/lib\libctru.a(hid.o)
                0x001140a8                hidExit
 .text.hidScanInput
                0x00114190      0x2a0 C:/devkitPro/libctru/lib\libctru.a(hid.o)
                0x00114190                hidScanInput
 .text.hidKeysDown
                0x00114430       0x10 C:/devkitPro/libctru/lib\libctru.a(hid.o)
                0x00114430                hidKeysDown
 .text.irrstInit
                0x00114440      0x1a4 C:/devkitPro/libctru/lib\libctru.a(irrst.o)
                0x00114440                irrstInit
 .text.irrstExit
                0x001145e4       0xdc C:/devkitPro/libctru/lib\libctru.a(irrst.o)
                0x001145e4                irrstExit
 .text.irrstScanInput
                0x001146c0       0xb4 C:/devkitPro/libctru/lib\libctru.a(irrst.o)
                0x001146c0                irrstScanInput
 .text.irrstKeysHeld
                0x00114774       0x24 C:/devkitPro/libctru/lib\libctru.a(irrst.o)
                0x00114774                irrstKeysHeld
 .text.connect  0x00114798      0x174 C:/devkitPro/libctru/lib\libctru.a(soc_connect.o)
                0x00114798                connect
 .text.inet_pton
                0x0011490c       0x70 C:/devkitPro/libctru/lib\libctru.a(soc_inet_pton.o)
                0x0011490c                inet_pton
 .text.soc_read
                0x0011497c       0x34 C:/devkitPro/libctru/lib\libctru.a(soc_init.o)
 .text.soc_write
                0x001149b0       0x34 C:/devkitPro/libctru/lib\libctru.a(soc_init.o)
 .text.soc_close
                0x001149e4       0xb0 C:/devkitPro/libctru/lib\libctru.a(soc_init.o)
 .text.socInit  0x00114a94      0x190 C:/devkitPro/libctru/lib\libctru.a(soc_init.o)
                0x00114a94                socInit
 .text.socExit  0x00114c24       0x88 C:/devkitPro/libctru/lib\libctru.a(soc_init.o)
                0x00114c24                socExit
 .text.recv     0x00114cac       0x20 C:/devkitPro/libctru/lib\libctru.a(soc_recv.o)
                0x00114cac                recv
 .text.socuipc_cmd7
                0x00114ccc      0x148 C:/devkitPro/libctru/lib\libctru.a(soc_recvfrom.o)
                0x00114ccc                socuipc_cmd7
 .text.socuipc_cmd8
                0x00114e14      0x168 C:/devkitPro/libctru/lib\libctru.a(soc_recvfrom.o)
                0x00114e14                socuipc_cmd8
 .text.soc_recvfrom
                0x00114f7c       0x10 C:/devkitPro/libctru/lib\libctru.a(soc_recvfrom.o)
                0x00114f7c                soc_recvfrom
 .text.recvfrom
                0x00114f8c       0xa4 C:/devkitPro/libctru/lib\libctru.a(soc_recvfrom.o)
                0x00114f8c                recvfrom
 .text.send     0x00115030       0x20 C:/devkitPro/libctru/lib\libctru.a(soc_send.o)
                0x00115030                send
 .text.socuipc_cmd9
                0x00115050      0x15c C:/devkitPro/libctru/lib\libctru.a(soc_sendto.o)
                0x00115050                socuipc_cmd9
 .text.socuipc_cmda
                0x001151ac      0x160 C:/devkitPro/libctru/lib\libctru.a(soc_sendto.o)
                0x001151ac                socuipc_cmda
 .text.soc_sendto
                0x0011530c       0x10 C:/devkitPro/libctru/lib\libctru.a(soc_sendto.o)
                0x0011530c                soc_sendto
 .text.sendto   0x0011531c       0xa4 C:/devkitPro/libctru/lib\libctru.a(soc_sendto.o)
                0x0011531c                sendto
 .text.socket   0x001153c0      0x16c C:/devkitPro/libctru/lib\libctru.a(soc_socket.o)
                0x001153c0                socket
 .text.swkbdMessageCallback
                0x0011552c      0x190 C:/devkitPro/libctru/lib\libctru.a(swkbd.o)
 .text.swkbdInit
                0x001156bc       0x84 C:/devkitPro/libctru/lib\libctru.a(swkbd.o)
                0x001156bc                swkbdInit
 .text.swkbdSetHintText
                0x00115740       0x64 C:/devkitPro/libctru/lib\libctru.a(swkbd.o)
                0x00115740                swkbdSetHintText
 .text.swkbdInputText
                0x001157a4      0x3a8 C:/devkitPro/libctru/lib\libctru.a(swkbd.o)
                0x001157a4                swkbdInputText
 .text.rbtree_find
                0x00115b4c       0x74 C:/devkitPro/libctru/lib\libctru.a(rbtree_find.o)
                0x00115b4c                rbtree_find
 .text.rbtree_init
                0x00115bc0       0x10 C:/devkitPro/libctru/lib\libctru.a(rbtree_init.o)
                0x00115bc0                rbtree_init
 .text.do_insert
                0x00115bd0      0x198 C:/devkitPro/libctru/lib\libctru.a(rbtree_insert.o)
 .text.rbtree_insert
                0x00115d68        0x8 C:/devkitPro/libctru/lib\libctru.a(rbtree_insert.o)
                0x00115d68                rbtree_insert
 .text.rbtree_remove
                0x00115d70      0x310 C:/devkitPro/libctru/lib\libctru.a(rbtree_remove.o)
                0x00115d70                rbtree_remove
 .text.rbtree_rotate
                0x00116080       0x90 C:/devkitPro/libctru/lib\libctru.a(rbtree_rotate.o)
                0x00116080                rbtree_rotate
 .text.utf16_to_utf8
                0x00116110       0xe8 C:/devkitPro/libctru/lib\libctru.a(utf16_to_utf8.o)
                0x00116110                utf16_to_utf8
 .text.utf8_to_utf16
                0x001161f8       0xc0 C:/devkitPro/libctru/lib\libctru.a(utf8_to_utf16.o)
                0x001161f8                utf8_to_utf16
 .text.__system_allocateHeaps
                0x001162b8      0x1e8 C:/devkitPro/libctru/lib\libctru.a(allocateHeaps.o)
                0x001162b8                __system_allocateHeaps
 .text.__libctru_init
                0x001164a0       0x38 C:/devkitPro/libctru/lib\libctru.a(ctru_init.o)
                0x001164a0                __libctru_init
 .text.__system_initArgv
                0x001164d8      0x16c C:/devkitPro/libctru/lib\libctru.a(initArgv.o)
                0x001164d8                __system_initArgv
 .text.__syscall_getreent
                0x00116644       0x30 C:/devkitPro/libctru/lib\libctru.a(syscalls.o)
                0x00116644                __syscall_getreent
 .text.__syscall_lock_acquire
                0x00116674        0x4 C:/devkitPro/libctru/lib\libctru.a(syscalls.o)
                0x00116674                __syscall_lock_acquire
 .text.__syscall_lock_release
                0x00116678        0x4 C:/devkitPro/libctru/lib\libctru.a(syscalls.o)
                0x00116678                __syscall_lock_release
 .text.__syscall_lock_acquire_recursive
                0x0011667c        0x4 C:/devkitPro/libctru/lib\libctru.a(syscalls.o)
                0x0011667c                __syscall_lock_acquire_recursive
 .text.__syscall_lock_release_recursive
                0x00116680        0x4 C:/devkitPro/libctru/lib\libctru.a(syscalls.o)
                0x00116680                __syscall_lock_release_recursive
 .text.__syscall_exit
                0x00116684        0x4 C:/devkitPro/libctru/lib\libctru.a(syscalls.o)
                0x00116684                __syscall_exit
 .text.initThreadVars
                0x00116688       0x54 C:/devkitPro/libctru/lib\libctru.a(syscalls.o)
                0x00116688                initThreadVars
 .text.__system_initSyscalls
                0x001166dc       0x80 C:/devkitPro/libctru/lib\libctru.a(syscalls.o)
                0x001166dc                __system_initSyscalls
 .text.svcControlMemory
                0x0011675c       0x20 C:/devkitPro/libctru/lib\libctru.a(svc.o)
                0x0011675c                svcControlMemory
 .text.svcQueryMemory
                0x0011677c       0x30 C:/devkitPro/libctru/lib\libctru.a(svc.o)
                0x0011677c                svcQueryMemory
 .text.svcExitProcess
                0x001167ac        0x8 C:/devkitPro/libctru/lib\libctru.a(svc.o)
                0x001167ac                svcExitProcess
 .text.svcCreateThread
                0x001167b4       0x20 C:/devkitPro/libctru/lib\libctru.a(svc.o)
                0x001167b4                svcCreateThread
 .text.svcExitThread
                0x001167d4        0x8 C:/devkitPro/libctru/lib\libctru.a(svc.o)
                0x001167d4                svcExitThread
 .text.svcSleepThread
                0x001167dc        0x8 C:/devkitPro/libctru/lib\libctru.a(svc.o)
                0x001167dc                svcSleepThread
 .text.svcReleaseMutex
                0x001167e4        0x8 C:/devkitPro/libctru/lib\libctru.a(svc.o)
                0x001167e4                svcReleaseMutex
 .text.svcCreateEvent
                0x001167ec       0x14 C:/devkitPro/libctru/lib\libctru.a(svc.o)
                0x001167ec                svcCreateEvent
 .text.svcSignalEvent
                0x00116800        0x8 C:/devkitPro/libctru/lib\libctru.a(svc.o)
                0x00116800                svcSignalEvent
 .text.svcClearEvent
                0x00116808        0x8 C:/devkitPro/libctru/lib\libctru.a(svc.o)
                0x00116808                svcClearEvent
 .text.svcCreateMemoryBlock
                0x00116810       0x18 C:/devkitPro/libctru/lib\libctru.a(svc.o)
                0x00116810                svcCreateMemoryBlock
 .text.svcMapMemoryBlock
                0x00116828        0x8 C:/devkitPro/libctru/lib\libctru.a(svc.o)
                0x00116828                svcMapMemoryBlock
 .text.svcUnmapMemoryBlock
                0x00116830        0x8 C:/devkitPro/libctru/lib\libctru.a(svc.o)
                0x00116830                svcUnmapMemoryBlock
 .text.svcCreateAddressArbiter
                0x00116838       0x14 C:/devkitPro/libctru/lib\libctru.a(svc.o)
                0x00116838                svcCreateAddressArbiter
 .text.svcArbitrateAddressNoTimeout
                0x0011684c        0x8 C:/devkitPro/libctru/lib\libctru.a(svc.o)
                0x0011684c                svcArbitrateAddressNoTimeout
 .text.svcCloseHandle
                0x00116854        0x8 C:/devkitPro/libctru/lib\libctru.a(svc.o)
                0x00116854                svcCloseHandle
 .text.svcWaitSynchronization
                0x0011685c        0x8 C:/devkitPro/libctru/lib\libctru.a(svc.o)
                0x0011685c                svcWaitSynchronization
 .text.svcWaitSynchronizationN
                0x00116864       0x28 C:/devkitPro/libctru/lib\libctru.a(svc.o)
                0x00116864                svcWaitSynchronizationN
 .text.svcDuplicateHandle
                0x0011688c       0x14 C:/devkitPro/libctru/lib\libctru.a(svc.o)
                0x0011688c                svcDuplicateHandle
 .text.svcConnectToPort
                0x001168a0       0x14 C:/devkitPro/libctru/lib\libctru.a(svc.o)
                0x001168a0                svcConnectToPort
 .text.svcSendSyncRequest
                0x001168b4        0x8 C:/devkitPro/libctru/lib\libctru.a(svc.o)
                0x001168b4                svcSendSyncRequest
 .text.svcGetResourceLimit
                0x001168bc       0x14 C:/devkitPro/libctru/lib\libctru.a(svc.o)
                0x001168bc                svcGetResourceLimit
 .text.svcGetResourceLimitLimitValues
                0x001168d0        0x8 C:/devkitPro/libctru/lib\libctru.a(svc.o)
                0x001168d0                svcGetResourceLimitLimitValues
 .text.svcGetResourceLimitCurrentValues
                0x001168d8        0x8 C:/devkitPro/libctru/lib\libctru.a(svc.o)
                0x001168d8                svcGetResourceLimitCurrentValues
 .text.svcBreak
                0x001168e0        0x8 C:/devkitPro/libctru/lib\libctru.a(svc.o)
                0x001168e0                svcBreak
 .text.initSystem
                0x001168e8       0x50 C:/devkitPro/libctru/lib\libctru.a(stack_adjust.o)
                0x001168e8                initSystem
 .text.__ctru_exit
                0x00116938       0x14 C:/devkitPro/libctru/lib\libctru.a(stack_adjust.o)
                0x00116938                __ctru_exit
 .text._ZL21addrMapNodeComparatorPK11rbtree_nodeS1_
                0x0011694c       0x24 C:/devkitPro/libctru/lib\libctru.a(vram.o)
 .text._ZL21addrMapNodeDestructorP11rbtree_node
                0x00116970        0x4 C:/devkitPro/libctru/lib\libctru.a(vram.o)
 .text.vramMemAlignAt
                0x00116974      0x248 C:/devkitPro/libctru/lib\libctru.a(vram.o)
                0x00116974                vramMemAlignAt
 .text.vramAlloc
                0x00116bbc        0xc C:/devkitPro/libctru/lib\libctru.a(vram.o)
                0x00116bbc                vramAlloc
 .text.vramFree
                0x00116bc8       0x94 C:/devkitPro/libctru/lib\libctru.a(vram.o)
                0x00116bc8                vramFree
 .text.envGetHandle
                0x00116c5c       0x8c C:/devkitPro/libctru/lib\libctru.a(env.o)
                0x00116c5c                envGetHandle
 .text.envDestroyHandles
                0x00116ce8       0x50 C:/devkitPro/libctru/lib\libctru.a(env.o)
                0x00116ce8                envDestroyHandles
 .text.osConvertVirtToPhys
                0x00116d38       0x74 C:/devkitPro/libctru/lib\libctru.a(os.o)
                0x00116d38                osConvertVirtToPhys
 .text.__ctru_speedup_config
                0x00116dac       0x34 C:/devkitPro/libctru/lib\libctru.a(os.o)
                0x00116dac                __ctru_speedup_config
 .text.srvInit  0x00116de0      0x164 C:/devkitPro/libctru/lib\libctru.a(srv.o)
                0x00116de0                srvInit
 .text.srvExit  0x00116f44       0x64 C:/devkitPro/libctru/lib\libctru.a(srv.o)
                0x00116f44                srvExit
 .text.srvEnableNotification
                0x00116fa8       0x60 C:/devkitPro/libctru/lib\libctru.a(srv.o)
                0x00116fa8                srvEnableNotification
 .text.srvGetServiceHandleDirect
                0x00117008       0xa0 C:/devkitPro/libctru/lib\libctru.a(srv.o)
                0x00117008                srvGetServiceHandleDirect
 .text.srvGetServiceHandle
                0x001170a8       0x48 C:/devkitPro/libctru/lib\libctru.a(srv.o)
                0x001170a8                srvGetServiceHandle
 .text.srvSubscribe
                0x001170f0       0x34 C:/devkitPro/libctru/lib\libctru.a(srv.o)
                0x001170f0                srvSubscribe
 .text.srvReceiveNotification
                0x00117124       0x60 C:/devkitPro/libctru/lib\libctru.a(srv.o)
                0x00117124                srvReceiveNotification
 .text.srvPublishToSubscriber
                0x00117184       0x38 C:/devkitPro/libctru/lib\libctru.a(srv.o)
                0x00117184                srvPublishToSubscriber
 .text.__sync_init
                0x001171bc        0xc C:/devkitPro/libctru/lib\libctru.a(synchronization.o)
                0x001171bc                __sync_init
 .text.__sync_fini
                0x001171c8       0x18 C:/devkitPro/libctru/lib\libctru.a(synchronization.o)
                0x001171c8                __sync_fini
 .text.syncArbitrateAddress
                0x001171e0       0x28 C:/devkitPro/libctru/lib\libctru.a(synchronization.o)
                0x001171e0                syncArbitrateAddress
 .text.LightLock_Init
                0x00117208       0x1c C:/devkitPro/libctru/lib\libctru.a(synchronization.o)
                0x00117208                LightLock_Init
 .text.LightLock_Lock
                0x00117224       0xac C:/devkitPro/libctru/lib\libctru.a(synchronization.o)
                0x00117224                LightLock_Lock
 .text.LightLock_Unlock
                0x001172d0       0x40 C:/devkitPro/libctru/lib\libctru.a(synchronization.o)
                0x001172d0                LightLock_Unlock
 .text.RecursiveLock_Lock
                0x00117310       0x54 C:/devkitPro/libctru/lib\libctru.a(synchronization.o)
                0x00117310                RecursiveLock_Lock
 .text.RecursiveLock_Unlock
                0x00117364       0x54 C:/devkitPro/libctru/lib\libctru.a(synchronization.o)
                0x00117364                RecursiveLock_Unlock
 .text.LightEvent_Init
                0x001173b8       0x44 C:/devkitPro/libctru/lib\libctru.a(synchronization.o)
                0x001173b8                LightEvent_Init
 .text.LightEvent_Clear
                0x001173fc       0xb8 C:/devkitPro/libctru/lib\libctru.a(synchronization.o)
                0x001173fc                LightEvent_Clear
 .text.LightEvent_Signal
                0x001174b4       0xdc C:/devkitPro/libctru/lib\libctru.a(synchronization.o)
                0x001174b4                LightEvent_Signal
 .text.LightEvent_TryWait
                0x00117590       0x50 C:/devkitPro/libctru/lib\libctru.a(synchronization.o)
                0x00117590                LightEvent_TryWait
 .text.LightEvent_Wait
                0x001175e0       0xac C:/devkitPro/libctru/lib\libctru.a(synchronization.o)
                0x001175e0                LightEvent_Wait
 .text.threadCreate
                0x0011768c      0x1fc C:/devkitPro/libctru/lib\libctru.a(thread.o)
                0x0011768c                threadCreate
 .text.threadFree
                0x00117888       0x38 C:/devkitPro/libctru/lib\libctru.a(thread.o)
                0x00117888                threadFree
 .text.threadJoin
                0x001178c0       0x24 C:/devkitPro/libctru/lib\libctru.a(thread.o)
                0x001178c0                threadJoin
 .text.threadGetCurrent
                0x001178e4       0x30 C:/devkitPro/libctru/lib\libctru.a(thread.o)
                0x001178e4                threadGetCurrent
 .text.threadExit
                0x00117914       0x40 C:/devkitPro/libctru/lib\libctru.a(thread.o)
                0x00117914                threadExit
 .text._thread_begin
                0x00117954       0x20 C:/devkitPro/libctru/lib\libctru.a(thread.o)
 .text.mappableFindAddressWithin
                0x00117974       0x90 C:/devkitPro/libctru/lib\libctru.a(mappable.o)
 .text.mappableInit
                0x00117a04       0x28 C:/devkitPro/libctru/lib\libctru.a(mappable.o)
                0x00117a04                mappableInit
 .text.mappableAlloc
                0x00117a2c       0x7c C:/devkitPro/libctru/lib\libctru.a(mappable.o)
                0x00117a2c                mappableAlloc
 .text.mappableFree
                0x00117aa8        0x4 C:/devkitPro/libctru/lib\libctru.a(mappable.o)
                0x00117aa8                mappableFree
 .text.ptmSysmInit
                0x00117aac       0x78 C:/devkitPro/libctru/lib\libctru.a(ptmsysm.o)
                0x00117aac                ptmSysmInit
 .text.ptmSysmExit
                0x00117b24       0x3c C:/devkitPro/libctru/lib\libctru.a(ptmsysm.o)
                0x00117b24                ptmSysmExit
 .text.PTMSYSM_ConfigureNew3DSCPU
                0x00117b60       0x34 C:/devkitPro/libctru/lib\libctru.a(ptmsysm.o)
                0x00117b60                PTMSYSM_ConfigureNew3DSCPU
 .text.srvPmGetSessionHandle
                0x00117b94        0xc C:/devkitPro/libctru/lib\libctru.a(srvpm.o)
                0x00117b94                srvPmGetSessionHandle
 .text._net_convert_error
                0x00117ba0       0x3c C:/devkitPro/libctru/lib\libctru.a(soc_common.o)
                0x00117ba0                _net_convert_error
 .text.rbtree_node_next
                0x00117bdc       0x60 C:/devkitPro/libctru/lib\libctru.a(rbtree_iterator.o)
                0x00117bdc                rbtree_node_next
 .text.decode_utf16
                0x00117c3c       0x54 C:/devkitPro/libctru/lib\libctru.a(decode_utf16.o)
                0x00117c3c                decode_utf16
 .text.decode_utf8
                0x00117c90      0x140 C:/devkitPro/libctru/lib\libctru.a(decode_utf8.o)
                0x00117c90                decode_utf8
 .text.encode_utf16
                0x00117dd0       0x54 C:/devkitPro/libctru/lib\libctru.a(encode_utf16.o)
                0x00117dd0                encode_utf16
 .text.encode_utf8
                0x00117e24       0xe0 C:/devkitPro/libctru/lib\libctru.a(encode_utf8.o)
                0x00117e24                encode_utf8
 .text.__appExit
                0x00117f04       0x30 C:/devkitPro/libctru/lib\libctru.a(appExit.o)
                0x00117f04                __appExit
 .text.__appInit
                0x00117f34       0x30 C:/devkitPro/libctru/lib\libctru.a(appInit.o)
                0x00117f34                __appInit
 .text.__libctru_exit
                0x00117f64       0x90 C:/devkitPro/libctru/lib\libctru.a(ctru_exit.o)
                0x00117f64                __libctru_exit
 .text.error_cmp
                0x00117ff4       0x24 C:/devkitPro/libctru/lib\libctru.a(archive_dev.o)
 .text.archive_translate_error
                0x00118018       0x50 C:/devkitPro/libctru/lib\libctru.a(archive_dev.o)
 .text.archive_seek
                0x00118068       0xc0 C:/devkitPro/libctru/lib\libctru.a(archive_dev.o)
 .text._archiveInit.part.0
                0x00118128       0x78 C:/devkitPro/libctru/lib\libctru.a(archive_dev.o)
 .text.archiveFindDevice.part.0
                0x001181a0      0x110 C:/devkitPro/libctru/lib\libctru.a(archive_dev.o)
 .text.archive_utf16path
                0x001182b0      0x298 C:/devkitPro/libctru/lib\libctru.a(archive_dev.o)
 .text._archiveUnmountDeviceStruct.part.0
                0x00118548       0x98 C:/devkitPro/libctru/lib\libctru.a(archive_dev.o)
 .text._archiveMountDevice
                0x001185e0      0x178 C:/devkitPro/libctru/lib\libctru.a(archive_dev.o)
 .text.archive_diropen
                0x00118758       0xf8 C:/devkitPro/libctru/lib\libctru.a(archive_dev.o)
 .text.archive_fstat
                0x00118850       0xac C:/devkitPro/libctru/lib\libctru.a(archive_dev.o)
 .text.archive_fsync
                0x001188fc       0x74 C:/devkitPro/libctru/lib\libctru.a(archive_dev.o)
 .text.archive_close
                0x00118970       0x74 C:/devkitPro/libctru/lib\libctru.a(archive_dev.o)
 .text.archive_dirclose
                0x001189e4       0x78 C:/devkitPro/libctru/lib\libctru.a(archive_dev.o)
 .text.sdmc_statvfs
                0x00118a5c       0xec C:/devkitPro/libctru/lib\libctru.a(archive_dev.o)
 .text.archive_chdir
                0x00118b48       0xf8 C:/devkitPro/libctru/lib\libctru.a(archive_dev.o)
 .text.archive_ftruncate
                0x00118c40       0x8c C:/devkitPro/libctru/lib\libctru.a(archive_dev.o)
 .text.archive_read
                0x00118ccc       0xbc C:/devkitPro/libctru/lib\libctru.a(archive_dev.o)
 .text.archive_unlink
                0x00118d88       0xa8 C:/devkitPro/libctru/lib\libctru.a(archive_dev.o)
 .text.archive_rmdir
                0x00118e30       0xc0 C:/devkitPro/libctru/lib\libctru.a(archive_dev.o)
 .text.archive_mkdir
                0x00118ef0       0xd8 C:/devkitPro/libctru/lib\libctru.a(archive_dev.o)
 .text.archive_stat
                0x00118fc8      0x1a0 C:/devkitPro/libctru/lib\libctru.a(archive_dev.o)
 .text.archive_dirnext
                0x00119168      0x164 C:/devkitPro/libctru/lib\libctru.a(archive_dev.o)
 .text.archive_write
                0x001192cc      0x13c C:/devkitPro/libctru/lib\libctru.a(archive_dev.o)
 .text.archive_open
                0x00119408      0x254 C:/devkitPro/libctru/lib\libctru.a(archive_dev.o)
 .text.archive_rename
                0x0011965c      0x270 C:/devkitPro/libctru/lib\libctru.a(archive_dev.o)
 .text.archiveMountSdmc
                0x001198cc      0x1c8 C:/devkitPro/libctru/lib\libctru.a(archive_dev.o)
                0x001198cc                archiveMountSdmc
 .text.archiveUnmountAll
                0x00119a94       0x54 C:/devkitPro/libctru/lib\libctru.a(archive_dev.o)
                0x00119a94                archiveUnmountAll
 .text.__aeabi_read_tp
                0x00119ae8        0xc C:/devkitPro/libctru/lib\libctru.a(readtp.o)
                0x00119ae8                __aeabi_read_tp
 .text.__fixdfdi
                0x00119af4       0x2c C:/devkitPro/devkitARM/bin/../lib/gcc/arm-none-eabi/16.1.0/armv6k/fpu\libgcc.a(_fixdfdi.o)
                0x00119af4                __fixdfdi
                0x00119af4                __aeabi_d2lz
 .text.__fixunsdfdi
                0x00119b20       0x40 C:/devkitPro/devkitARM/bin/../lib/gcc/arm-none-eabi/16.1.0/armv6k/fpu\libgcc.a(_fixunsdfdi.o)
                0x00119b20                __fixunsdfdi
                0x00119b20                __aeabi_d2ulz
 .text.__udivmoddi4
                0x00119b60      0x130 C:/devkitPro/devkitARM/bin/../lib/gcc/arm-none-eabi/16.1.0/armv6k/fpu\libgcc.a(_udivmoddi4.o)
                0x00119b60                __udivmoddi4
 .text.strncat  0x00119c90       0xe4 C:/devkitPro/devkitARM/bin/../lib/gcc/arm-none-eabi/16.1.0/../../../../arm-none-eabi/lib/armv6k/fpu\libc.a(libc_a-strncat.o)
                0x00119c90                strncat
 .text.sscanf   0x00119d74       0x78 C:/devkitPro/devkitARM/bin/../lib/gcc/arm-none-eabi/16.1.0/../../../../arm-none-eabi/lib/armv6k/fpu\libc.a(libc_a-sscanf.o)
                0x00119d74                sscanf
 .text.memcpy   0x00119dec      0x128 C:/devkitPro/devkitARM/bin/../lib/gcc/arm-none-eabi/16.1.0/../../../../arm-none-eabi/lib/armv6k/fpu\libc.a(libc_a-memcpy-stub.o)
                0x00119dec                memcpy
 .text.strlen   0x00119f14       0x8c C:/devkitPro/devkitARM/bin/../lib/gcc/arm-none-eabi/16.1.0/../../../../arm-none-eabi/lib/armv6k/fpu\libc.a(libc_a-strlen.o)
                0x00119f14                strlen
 .text.bsearch  0x00119fa0       0x78 C:/devkitPro/devkitARM/bin/../lib/gcc/arm-none-eabi/16.1.0/../../../../arm-none-eabi/lib/armv6k/fpu\libc.a(libc_a-bsearch.o)
                0x00119fa0                bsearch
 .text.get_arg  0x0011a018       0x50 C:/devkitPro/devkitARM/bin/../lib/gcc/arm-none-eabi/16.1.0/../../../../arm-none-eabi/lib/armv6k/fpu\libc.a(libc_a-svfscanf.o)
 .text.__ssvfscanf_r
                0x0011a068     0x2b88 C:/devkitPro/devkitARM/bin/../lib/gcc/arm-none-eabi/16.1.0/../../../../arm-none-eabi/lib/armv6k/fpu\libc.a(libc_a-svfscanf.o)
                0x0011a068                __ssvfscanf_r
 .text.sulp     0x0011cbf0       0x60 C:/devkitPro/devkitARM/bin/../lib/gcc/arm-none-eabi/16.1.0/../../../../arm-none-eabi/lib/armv6k/fpu\libc.a(libc_a-strtod.o)
 .text._strtod_l
                0x0011cc50     0x1428 C:/devkitPro/devkitARM/bin/../lib/gcc/arm-none-eabi/16.1.0/../../../../arm-none-eabi/lib/armv6k/fpu\libc.a(libc_a-strtod.o)
                0x0011cc50                _strtod_l
 .text._strtod_r
                0x0011e078       0x44 C:/devkitPro/devkitARM/bin/../lib/gcc/arm-none-eabi/16.1.0/../../../../arm-none-eabi/lib/armv6k/fpu\libc.a(libc_a-strtod.o)
                0x0011e078                _strtod_r
 .text.close    0x0011e0bc       0x20 C:/devkitPro/devkitARM/bin/../lib/gcc/arm-none-eabi/16.1.0/../../../../arm-none-eabi/lib/armv6k/fpu\libc.a(libc_a-sysclose.o)
                0x0011e0bc                close
 .text.memalign
                0x0011e0dc       0x28 C:/devkitPro/devkitARM/bin/../lib/gcc/arm-none-eabi/16.1.0/../../../../arm-none-eabi/lib/armv6k/fpu\libc.a(libc_a-malign.o)
                0x0011e0dc                memalign
 .text._strtoull_l.isra.0
                0x0011e104      0x264 C:/devkitPro/devkitARM/bin/../lib/gcc/arm-none-eabi/16.1.0/../../../../arm-none-eabi/lib/armv6k/fpu\libc.a(libc_a-strtoull.o)
 .text._strtoull_r
                0x0011e368       0x38 C:/devkitPro/devkitARM/bin/../lib/gcc/arm-none-eabi/16.1.0/../../../../arm-none-eabi/lib/armv6k/fpu\libc.a(libc_a-strtoull.o)
                0x0011e368                _strtoull_r
 .text.rshift   0x0011e3a0       0xf4 C:/devkitPro/devkitARM/bin/../lib/gcc/arm-none-eabi/16.1.0/../../../../arm-none-eabi/lib/armv6k/fpu\libc.a(libc_a-gdtoa-gethex.o)
 .text.__gethex
                0x0011e494      0x8b4 C:/devkitPro/devkitARM/bin/../lib/gcc/arm-none-eabi/16.1.0/../../../../arm-none-eabi/lib/armv6k/fpu\libc.a(libc_a-gdtoa-gethex.o)
                0x0011e494                __gethex
 .text.snprintf
                0x0011ed48       0xa0 C:/devkitPro/devkitARM/bin/../lib/gcc/arm-none-eabi/16.1.0/../../../../arm-none-eabi/lib/armv6k/fpu\libc.a(libc_a-snprintf.o)
                0x0011ed48                snprintf
 .text.printf   0x0011ede8       0x34 C:/devkitPro/devkitARM/bin/../lib/gcc/arm-none-eabi/16.1.0/../../../../arm-none-eabi/lib/armv6k/fpu\libc.a(libc_a-printf.o)
                0x0011ede8                printf
 .text._strtoul_l.isra.0
                0x0011ee1c      0x1ec C:/devkitPro/devkitARM/bin/../lib/gcc/arm-none-eabi/16.1.0/../../../../arm-none-eabi/lib/armv6k/fpu\libc.a(libc_a-strtoul.o)
 .text._strtoul_r
                0x0011f008       0x38 C:/devkitPro/devkitARM/bin/../lib/gcc/arm-none-eabi/16.1.0/../../../../arm-none-eabi/lib/armv6k/fpu\libc.a(libc_a-strtoul.o)
                0x0011f008                _strtoul_r
 .text.strtoul  0x0011f040       0x3c C:/devkitPro/devkitARM/bin/../lib/gcc/arm-none-eabi/16.1.0/../../../../arm-none-eabi/lib/armv6k/fpu\libc.a(libc_a-strtoul.o)
                0x0011f040                strtoul
 .text._mbrtowc_r
                0x0011f07c       0xc4 C:/devkitPro/devkitARM/bin/../lib/gcc/arm-none-eabi/16.1.0/../../../../arm-none-eabi/lib/armv6k/fpu\libc.a(libc_a-mbrtowc.o)
                0x0011f07c                _mbrtowc_r
 .text.calloc   0x0011f140       0x28 C:/devkitPro/devkitARM/bin/../lib/gcc/arm-none-eabi/16.1.0/../../../../arm-none-eabi/lib/armv6k/fpu\libc.a(libc_a-calloc.o)
                0x0011f140                calloc
 .text.__sccl   0x0011f168       0xf8 C:/devkitPro/devkitARM/bin/../lib/gcc/arm-none-eabi/16.1.0/../../../../arm-none-eabi/lib/armv6k/fpu\libc.a(libc_a-sccl.o)
                0x0011f168                __sccl
 .text._memalign_r
                0x0011f260      0x16c C:/devkitPro/devkitARM/bin/../lib/gcc/arm-none-eabi/16.1.0/../../../../arm-none-eabi/lib/armv6k/fpu\libc.a(libc_a-malignr.o)
                0x0011f260                _memalign_r
 .text.__errno  0x0011f3cc        0xc C:/devkitPro/devkitARM/bin/../lib/gcc/arm-none-eabi/16.1.0/../../../../arm-none-eabi/lib/armv6k/fpu\libc.a(libc_a-errno.o)
                0x0011f3cc                __errno
 .text.__smakebuf_r
                0x0011f3d8      0x164 C:/devkitPro/devkitARM/bin/../lib/gcc/arm-none-eabi/16.1.0/../../../../arm-none-eabi/lib/armv6k/fpu\libc.a(libc_a-makebuf.o)
                0x0011f3d8                __smakebuf_r
 .text.__swhatbuf_r
                0x0011f53c       0x90 C:/devkitPro/devkitARM/bin/../lib/gcc/arm-none-eabi/16.1.0/../../../../arm-none-eabi/lib/armv6k/fpu\libc.a(libc_a-makebuf.o)
                0x0011f53c                __swhatbuf_r
 .text._strtoll_l.isra.0
                0x0011f5cc      0x47c C:/devkitPro/devkitARM/bin/../lib/gcc/arm-none-eabi/16.1.0/../../../../arm-none-eabi/lib/armv6k/fpu\libc.a(libc_a-strtoll.o)
 .text._strtoll_r
                0x0011fa48       0x38 C:/devkitPro/devkitARM/bin/../lib/gcc/arm-none-eabi/16.1.0/../../../../arm-none-eabi/lib/armv6k/fpu\libc.a(libc_a-strtoll.o)
                0x0011fa48                _strtoll_r
 .text.__locale_mb_cur_max
                0x0011fa80       0x24 C:/devkitPro/devkitARM/bin/../lib/gcc/arm-none-eabi/16.1.0/../../../../arm-none-eabi/lib/armv6k/fpu\libc.a(libc_a-locale.o)
                0x0011fa80                __locale_mb_cur_max
 .text.memset   0x0011faa4       0xe4 C:/devkitPro/devkitARM/bin/../lib/gcc/arm-none-eabi/16.1.0/../../../../arm-none-eabi/lib/armv6k/fpu\libc.a(libc_a-memset.o)
                0x0011faa4                memset
 .text._calloc_r
                0x0011fb88       0xd8 C:/devkitPro/devkitARM/bin/../lib/gcc/arm-none-eabi/16.1.0/../../../../arm-none-eabi/lib/armv6k/fpu\libc.a(libc_a-callocr.o)
                0x0011fb88                _calloc_r
 .text.__sflush_r
                0x0011fc60      0x22c C:/devkitPro/devkitARM/bin/../lib/gcc/arm-none-eabi/16.1.0/../../../../arm-none-eabi/lib/armv6k/fpu\libc.a(libc_a-fflush.o)
                0x0011fc60                __sflush_r
 .text._fflush_r
                0x0011fe8c       0xc4 C:/devkitPro/devkitARM/bin/../lib/gcc/arm-none-eabi/16.1.0/../../../../arm-none-eabi/lib/armv6k/fpu\libc.a(libc_a-fflush.o)
                0x0011fe8c                _fflush_r
 .text.realloc  0x0011ff50       0x28 C:/devkitPro/devkitARM/bin/../lib/gcc/arm-none-eabi/16.1.0/../../../../arm-none-eabi/lib/armv6k/fpu\libc.a(libc_a-realloc.o)
                0x0011ff50                realloc
 .text.qsort    0x0011ff78      0x8e8 C:/devkitPro/devkitARM/bin/../lib/gcc/arm-none-eabi/16.1.0/../../../../arm-none-eabi/lib/armv6k/fpu\libc.a(libc_a-qsort.o)
                0x0011ff78                qsort
 .text._malloc_r
                0x00120860      0x82c C:/devkitPro/devkitARM/bin/../lib/gcc/arm-none-eabi/16.1.0/../../../../arm-none-eabi/lib/armv6k/fpu\libc.a(libc_a-mallocr.o)
                0x00120860                _malloc_r
 .text._malloc_trim_r
                0x0012108c      0x114 C:/devkitPro/devkitARM/bin/../lib/gcc/arm-none-eabi/16.1.0/../../../../arm-none-eabi/lib/armv6k/fpu\libc.a(libc_a-freer.o)
                0x0012108c                _malloc_trim_r
 .text._free_r  0x001211a0      0x314 C:/devkitPro/devkitARM/bin/../lib/gcc/arm-none-eabi/16.1.0/../../../../arm-none-eabi/lib/armv6k/fpu\libc.a(libc_a-freer.o)
                0x001211a0                _free_r
 .text.setvbuf  0x001214b4      0x294 C:/devkitPro/devkitARM/bin/../lib/gcc/arm-none-eabi/16.1.0/../../../../arm-none-eabi/lib/armv6k/fpu\libc.a(libc_a-setvbuf.o)
                0x001214b4                setvbuf
 .text._sungetc_r
                0x00121748       0xe4 C:/devkitPro/devkitARM/bin/../lib/gcc/arm-none-eabi/16.1.0/../../../../arm-none-eabi/lib/armv6k/fpu\libc.a(libc_a-svfiscanf.o)
                0x00121748                _sungetc_r
 .text.__ssrefill_r
                0x0012182c       0x6c C:/devkitPro/devkitARM/bin/../lib/gcc/arm-none-eabi/16.1.0/../../../../arm-none-eabi/lib/armv6k/fpu\libc.a(libc_a-svfiscanf.o)
                0x0012182c                __ssrefill_r
 .text._sfread_r
                0x00121898       0xb4 C:/devkitPro/devkitARM/bin/../lib/gcc/arm-none-eabi/16.1.0/../../../../arm-none-eabi/lib/armv6k/fpu\libc.a(libc_a-svfiscanf.o)
                0x00121898                _sfread_r
 .text.stdio_exit_handler
                0x0012194c       0x1c C:/devkitPro/devkitARM/bin/../lib/gcc/arm-none-eabi/16.1.0/../../../../arm-none-eabi/lib/armv6k/fpu\libc.a(libc_a-findfp.o)
 .text.cleanup_stdio
                0x00121968       0x5c C:/devkitPro/devkitARM/bin/../lib/gcc/arm-none-eabi/16.1.0/../../../../arm-none-eabi/lib/armv6k/fpu\libc.a(libc_a-findfp.o)
 .text.global_stdio_init.part.0
                0x001219c4      0x154 C:/devkitPro/devkitARM/bin/../lib/gcc/arm-none-eabi/16.1.0/../../../../arm-none-eabi/lib/armv6k/fpu\libc.a(libc_a-findfp.o)
 .text.__sinit  0x00121b18       0x5c C:/devkitPro/devkitARM/bin/../lib/gcc/arm-none-eabi/16.1.0/../../../../arm-none-eabi/lib/armv6k/fpu\libc.a(libc_a-findfp.o)
                0x00121b18                __sinit
 .text.__sfp_lock_acquire
                0x00121b74        0xc C:/devkitPro/devkitARM/bin/../lib/gcc/arm-none-eabi/16.1.0/../../../../arm-none-eabi/lib/armv6k/fpu\libc.a(libc_a-findfp.o)
                0x00121b74                __sfp_lock_acquire
 .text.__sfp_lock_release
                0x00121b80        0xc C:/devkitPro/devkitARM/bin/../lib/gcc/arm-none-eabi/16.1.0/../../../../arm-none-eabi/lib/armv6k/fpu\libc.a(libc_a-findfp.o)
                0x00121b80                __sfp_lock_release
 .text._strtol_l.part.0
                0x00121b8c      0x384 C:/devkitPro/devkitARM/bin/../lib/gcc/arm-none-eabi/16.1.0/../../../../arm-none-eabi/lib/armv6k/fpu\libc.a(libc_a-strtol.o)
 .text._strtol_r
                0x00121f10       0x6c C:/devkitPro/devkitARM/bin/../lib/gcc/arm-none-eabi/16.1.0/../../../../arm-none-eabi/lib/armv6k/fpu\libc.a(libc_a-strtol.o)
                0x00121f10                _strtol_r
 .text.__libc_init_array
                0x00121f7c       0x84 C:/devkitPro/devkitARM/bin/../lib/gcc/arm-none-eabi/16.1.0/../../../../arm-none-eabi/lib/armv6k/fpu\libc.a(libc_a-init.o)
                0x00121f7c                __libc_init_array
 .text.strncpy  0x00122000       0xd4 C:/devkitPro/devkitARM/bin/../lib/gcc/arm-none-eabi/16.1.0/../../../../arm-none-eabi/lib/armv6k/fpu\libc.a(libc_a-strncpy.o)
                0x00122000                strncpy
 .text.malloc   0x001220d4       0x40 C:/devkitPro/devkitARM/bin/../lib/gcc/arm-none-eabi/16.1.0/../../../../arm-none-eabi/lib/armv6k/fpu\libc.a(libc_a-malloc.o)
                0x001220d4                malloc
 .text.free     0x00122114       0x20 C:/devkitPro/devkitARM/bin/../lib/gcc/arm-none-eabi/16.1.0/../../../../arm-none-eabi/lib/armv6k/fpu\libc.a(libc_a-malloc.o)
                0x00122114                free
 .text.memchr   0x00122134       0xe8 C:/devkitPro/devkitARM/bin/../lib/gcc/arm-none-eabi/16.1.0/../../../../arm-none-eabi/lib/armv6k/fpu\libc.a(libc_a-memchr-stub.o)
                0x00122134                memchr
 .text._puts_r  0x0012221c       0xe0 C:/devkitPro/devkitARM/bin/../lib/gcc/arm-none-eabi/16.1.0/../../../../arm-none-eabi/lib/armv6k/fpu\libc.a(libc_a-puts.o)
                0x0012221c                _puts_r
 .text.puts     0x001222fc       0x20 C:/devkitPro/devkitARM/bin/../lib/gcc/arm-none-eabi/16.1.0/../../../../arm-none-eabi/lib/armv6k/fpu\libc.a(libc_a-puts.o)
                0x001222fc                puts
 .text._localeconv_r
                0x0012231c       0x24 C:/devkitPro/devkitARM/bin/../lib/gcc/arm-none-eabi/16.1.0/../../../../arm-none-eabi/lib/armv6k/fpu\libc.a(libc_a-localeconv.o)
                0x0012231c                _localeconv_r
 .text.__sread  0x00122340       0x44 C:/devkitPro/devkitARM/bin/../lib/gcc/arm-none-eabi/16.1.0/../../../../arm-none-eabi/lib/armv6k/fpu\libc.a(libc_a-stdio.o)
                0x00122340                __sread
 .text.__seofread
                0x00122384        0x8 C:/devkitPro/devkitARM/bin/../lib/gcc/arm-none-eabi/16.1.0/../../../../arm-none-eabi/lib/armv6k/fpu\libc.a(libc_a-stdio.o)
                0x00122384                __seofread
 .text.__swrite
                0x0012238c       0x68 C:/devkitPro/devkitARM/bin/../lib/gcc/arm-none-eabi/16.1.0/../../../../arm-none-eabi/lib/armv6k/fpu\libc.a(libc_a-stdio.o)
                0x0012238c                __swrite
 .text.__sseek  0x001223f4       0x40 C:/devkitPro/devkitARM/bin/../lib/gcc/arm-none-eabi/16.1.0/../../../../arm-none-eabi/lib/armv6k/fpu\libc.a(libc_a-stdio.o)
                0x001223f4                __sseek
 .text.__sclose
                0x00122434        0x8 C:/devkitPro/devkitARM/bin/../lib/gcc/arm-none-eabi/16.1.0/../../../../arm-none-eabi/lib/armv6k/fpu\libc.a(libc_a-stdio.o)
                0x00122434                __sclose
 .text.memmove  0x0012243c      0x1a8 C:/devkitPro/devkitARM/bin/../lib/gcc/arm-none-eabi/16.1.0/../../../../arm-none-eabi/lib/armv6k/fpu\libc.a(libc_a-memmove.o)
                0x0012243c                memmove
 .text._realloc_r
                0x001225e4      0x4f0 C:/devkitPro/devkitARM/bin/../lib/gcc/arm-none-eabi/16.1.0/../../../../arm-none-eabi/lib/armv6k/fpu\libc.a(libc_a-reallocr.o)
                0x001225e4                _realloc_r
 .text.__malloc_lock
                0x00122ad4        0xc C:/devkitPro/devkitARM/bin/../lib/gcc/arm-none-eabi/16.1.0/../../../../arm-none-eabi/lib/armv6k/fpu\libc.a(libc_a-mlock.o)
                0x00122ad4                __malloc_lock
 .text.__malloc_unlock
                0x00122ae0        0xc C:/devkitPro/devkitARM/bin/../lib/gcc/arm-none-eabi/16.1.0/../../../../arm-none-eabi/lib/armv6k/fpu\libc.a(libc_a-mlock.o)
                0x00122ae0                __malloc_unlock
 .text._fclose_r
                0x00122aec      0x148 C:/devkitPro/devkitARM/bin/../lib/gcc/arm-none-eabi/16.1.0/../../../../arm-none-eabi/lib/armv6k/fpu\libc.a(libc_a-fclose.o)
                0x00122aec                _fclose_r
 .text.__call_exitprocs
                0x00122c34        0x4 C:/devkitPro/devkitARM/bin/../lib/gcc/arm-none-eabi/16.1.0/../../../../arm-none-eabi/lib/armv6k/fpu\libc.a(libc_a-exit.o)
                0x00122c34                __call_exitprocs
 .text.exit     0x00122c38       0x30 C:/devkitPro/devkitARM/bin/../lib/gcc/arm-none-eabi/16.1.0/../../../../arm-none-eabi/lib/armv6k/fpu\libc.a(libc_a-exit.o)
                0x00122c38                exit
 .text.get_arg  0x00122c68      0x5e0 C:/devkitPro/devkitARM/bin/../lib/gcc/arm-none-eabi/16.1.0/../../../../arm-none-eabi/lib/armv6k/fpu\libc.a(libc_a-svfprintf.o)
 .text._svfprintf_r
                0x00123248     0x345c C:/devkitPro/devkitARM/bin/../lib/gcc/arm-none-eabi/16.1.0/../../../../arm-none-eabi/lib/armv6k/fpu\libc.a(libc_a-svfprintf.o)
                0x00123248                _svfprintf_r
 .text.__utf8_wctomb
                0x001266a4       0xf8 C:/devkitPro/devkitARM/bin/../lib/gcc/arm-none-eabi/16.1.0/../../../../arm-none-eabi/lib/armv6k/fpu\libc.a(libc_a-wctomb_r.o)
                0x001266a4                __utf8_wctomb
 .text.__libc_fini_array
                0x0012679c       0x3c C:/devkitPro/devkitARM/bin/../lib/gcc/arm-none-eabi/16.1.0/../../../../arm-none-eabi/lib/armv6k/fpu\libc.a(libc_a-fini.o)
                0x0012679c                __libc_fini_array
 .text.strnlen  0x001267d8       0x3c C:/devkitPro/devkitARM/bin/../lib/gcc/arm-none-eabi/16.1.0/../../../../arm-none-eabi/lib/armv6k/fpu\libc.a(libc_a-strnlen.o)
                0x001267d8                strnlen
 .text.strncmp  0x00126814       0xd8 C:/devkitPro/devkitARM/bin/../lib/gcc/arm-none-eabi/16.1.0/../../../../arm-none-eabi/lib/armv6k/fpu\libc.a(libc_a-strncmp.o)
                0x00126814                strncmp
 .text.__match  0x001268ec       0x70 C:/devkitPro/devkitARM/bin/../lib/gcc/arm-none-eabi/16.1.0/../../../../arm-none-eabi/lib/armv6k/fpu\libc.a(libc_a-gdtoa-hexnan.o)
                0x001268ec                __match
 .text.__hexnan
                0x0012695c      0x2a8 C:/devkitPro/devkitARM/bin/../lib/gcc/arm-none-eabi/16.1.0/../../../../arm-none-eabi/lib/armv6k/fpu\libc.a(libc_a-gdtoa-hexnan.o)
                0x0012695c                __hexnan
 .text.sprintf  0x00126c04       0x68 C:/devkitPro/devkitARM/bin/../lib/gcc/arm-none-eabi/16.1.0/../../../../arm-none-eabi/lib/armv6k/fpu\libc.a(libc_a-sprintf.o)
                0x00126c04                sprintf
 *fill*         0x00126c6c        0x4 
 .text.nan      0x00126c70       0x10 C:/devkitPro/devkitARM/bin/../lib/gcc/arm-none-eabi/16.1.0/../../../../arm-none-eabi/lib/armv6k/fpu\libc.a(libm_a-s_nan.o)
                0x00126c70                nan
 .text.nanf     0x00126c80        0xc C:/devkitPro/devkitARM/bin/../lib/gcc/arm-none-eabi/16.1.0/../../../../arm-none-eabi/lib/armv6k/fpu\libc.a(libm_a-sf_nan.o)
                0x00126c80                nanf
 *fill*         0x00126c8c        0x4 
 .text.frexp    0x00126c90       0x88 C:/devkitPro/devkitARM/bin/../lib/gcc/arm-none-eabi/16.1.0/../../../../arm-none-eabi/lib/armv6k/fpu\libc.a(libm_a-s_frexp.o)
                0x00126c90                frexp
 .text.stpncpy  0x00126d18       0xdc C:/devkitPro/devkitARM/bin/../lib/gcc/arm-none-eabi/16.1.0/../../../../arm-none-eabi/lib/armv6k/fpu\libc.a(libc_a-stpncpy.o)
                0x00126d18                stpncpy
 .text.__assert_func
                0x00126df4       0x5c C:/devkitPro/devkitARM/bin/../lib/gcc/arm-none-eabi/16.1.0/../../../../arm-none-eabi/lib/armv6k/fpu\libc.a(libc_a-assert.o)
                0x00126df4                __assert_func
 .text.iswspace
                0x00126e50        0x8 C:/devkitPro/devkitARM/bin/../lib/gcc/arm-none-eabi/16.1.0/../../../../arm-none-eabi/lib/armv6k/fpu\libc.a(libc_a-iswspace.o)
                0x00126e50                iswspace
 .text._Balloc  0x00126e58       0x88 C:/devkitPro/devkitARM/bin/../lib/gcc/arm-none-eabi/16.1.0/../../../../arm-none-eabi/lib/armv6k/fpu\libc.a(libc_a-mprec.o)
                0x00126e58                _Balloc
 .text._Bfree   0x00126ee0       0x1c C:/devkitPro/devkitARM/bin/../lib/gcc/arm-none-eabi/16.1.0/../../../../arm-none-eabi/lib/armv6k/fpu\libc.a(libc_a-mprec.o)
                0x00126ee0                _Bfree
 .text.__multadd
                0x00126efc       0xf4 C:/devkitPro/devkitARM/bin/../lib/gcc/arm-none-eabi/16.1.0/../../../../arm-none-eabi/lib/armv6k/fpu\libc.a(libc_a-mprec.o)
                0x00126efc                __multadd
 .text.__s2b    0x00126ff0      0x10c C:/devkitPro/devkitARM/bin/../lib/gcc/arm-none-eabi/16.1.0/../../../../arm-none-eabi/lib/armv6k/fpu\libc.a(libc_a-mprec.o)
                0x00126ff0                __s2b
 .text.__hi0bits
                0x001270fc       0x80 C:/devkitPro/devkitARM/bin/../lib/gcc/arm-none-eabi/16.1.0/../../../../arm-none-eabi/lib/armv6k/fpu\libc.a(libc_a-mprec.o)
                0x001270fc                __hi0bits
 .text.__lo0bits
                0x0012717c       0xf0 C:/devkitPro/devkitARM/bin/../lib/gcc/arm-none-eabi/16.1.0/../../../../arm-none-eabi/lib/armv6k/fpu\libc.a(libc_a-mprec.o)
                0x0012717c                __lo0bits
 .text.__i2b    0x0012726c       0xa4 C:/devkitPro/devkitARM/bin/../lib/gcc/arm-none-eabi/16.1.0/../../../../arm-none-eabi/lib/armv6k/fpu\libc.a(libc_a-mprec.o)
                0x0012726c                __i2b
 .text.__multiply
                0x00127310      0x230 C:/devkitPro/devkitARM/bin/../lib/gcc/arm-none-eabi/16.1.0/../../../../arm-none-eabi/lib/armv6k/fpu\libc.a(libc_a-mprec.o)
                0x00127310                __multiply
 .text.__pow5mult
                0x00127540      0x130 C:/devkitPro/devkitARM/bin/../lib/gcc/arm-none-eabi/16.1.0/../../../../arm-none-eabi/lib/armv6k/fpu\libc.a(libc_a-mprec.o)
                0x00127540                __pow5mult
 .text.__lshift
                0x00127670      0x138 C:/devkitPro/devkitARM/bin/../lib/gcc/arm-none-eabi/16.1.0/../../../../arm-none-eabi/lib/armv6k/fpu\libc.a(libc_a-mprec.o)
                0x00127670                __lshift
 .text.__mcmp   0x001277a8       0x58 C:/devkitPro/devkitARM/bin/../lib/gcc/arm-none-eabi/16.1.0/../../../../arm-none-eabi/lib/armv6k/fpu\libc.a(libc_a-mprec.o)
                0x001277a8                __mcmp
 .text.__mdiff  0x00127800      0x218 C:/devkitPro/devkitARM/bin/../lib/gcc/arm-none-eabi/16.1.0/../../../../arm-none-eabi/lib/armv6k/fpu\libc.a(libc_a-mprec.o)
                0x00127800                __mdiff
 .text.__ulp    0x00127a18       0x68 C:/devkitPro/devkitARM/bin/../lib/gcc/arm-none-eabi/16.1.0/../../../../arm-none-eabi/lib/armv6k/fpu\libc.a(libc_a-mprec.o)
                0x00127a18                __ulp
 .text.__b2d    0x00127a80       0xd4 C:/devkitPro/devkitARM/bin/../lib/gcc/arm-none-eabi/16.1.0/../../../../arm-none-eabi/lib/armv6k/fpu\libc.a(libc_a-mprec.o)
                0x00127a80                __b2d
 .text.__d2b    0x00127b54      0x120 C:/devkitPro/devkitARM/bin/../lib/gcc/arm-none-eabi/16.1.0/../../../../arm-none-eabi/lib/armv6k/fpu\libc.a(libc_a-mprec.o)
                0x00127b54                __d2b
 .text.__ratio  0x00127c74       0x78 C:/devkitPro/devkitARM/bin/../lib/gcc/arm-none-eabi/16.1.0/../../../../arm-none-eabi/lib/armv6k/fpu\libc.a(libc_a-mprec.o)
                0x00127c74                __ratio
 .text.__copybits
                0x00127cec       0x8c C:/devkitPro/devkitARM/bin/../lib/gcc/arm-none-eabi/16.1.0/../../../../arm-none-eabi/lib/armv6k/fpu\libc.a(libc_a-mprec.o)
                0x00127cec                __copybits
 .text.__any_on
                0x00127d78       0x5c C:/devkitPro/devkitARM/bin/../lib/gcc/arm-none-eabi/16.1.0/../../../../arm-none-eabi/lib/armv6k/fpu\libc.a(libc_a-mprec.o)
                0x00127d78                __any_on
 .text._fwalk_sglue
                0x00127dd4       0x70 C:/devkitPro/devkitARM/bin/../lib/gcc/arm-none-eabi/16.1.0/../../../../arm-none-eabi/lib/armv6k/fpu\libc.a(libc_a-fwalk.o)
                0x00127dd4                _fwalk_sglue
 .text.get_arg  0x00127e44      0x5e0 C:/devkitPro/devkitARM/bin/../lib/gcc/arm-none-eabi/16.1.0/../../../../arm-none-eabi/lib/armv6k/fpu\libc.a(libc_a-vfprintf.o)
 *fill*         0x00128424        0x4 
 .text._vfprintf_r
                0x00128428     0x3554 C:/devkitPro/devkitARM/bin/../lib/gcc/arm-none-eabi/16.1.0/../../../../arm-none-eabi/lib/armv6k/fpu\libc.a(libc_a-vfprintf.o)
                0x00128428                _vfprintf_r
 .text.__sbprintf
                0x0012b97c       0xb4 C:/devkitPro/devkitARM/bin/../lib/gcc/arm-none-eabi/16.1.0/../../../../arm-none-eabi/lib/armv6k/fpu\libc.a(libc_a-vfprintf.o)
 .text._wcrtomb_r
                0x0012ba30       0xa0 C:/devkitPro/devkitARM/bin/../lib/gcc/arm-none-eabi/16.1.0/../../../../arm-none-eabi/lib/armv6k/fpu\libc.a(libc_a-wcrtomb.o)
                0x0012ba30                _wcrtomb_r
 .text.__submore
                0x0012bad0       0xb8 C:/devkitPro/devkitARM/bin/../lib/gcc/arm-none-eabi/16.1.0/../../../../arm-none-eabi/lib/armv6k/fpu\libc.a(libc_a-ungetc.o)
                0x0012bad0                __submore
 .text.__ssprint_r
                0x0012bb88       0xa4 C:/devkitPro/devkitARM/bin/../lib/gcc/arm-none-eabi/16.1.0/../../../../arm-none-eabi/lib/armv6k/fpu\libc.a(libc_a-ssprint_r.o)
                0x0012bb88                __ssprint_r
 .text.__utf8_mbtowc
                0x0012bc2c      0x340 C:/devkitPro/devkitARM/bin/../lib/gcc/arm-none-eabi/16.1.0/../../../../arm-none-eabi/lib/armv6k/fpu\libc.a(libc_a-mbtowc_r.o)
                0x0012bc2c                __utf8_mbtowc
 .text.fiprintf
                0x0012bf6c       0x3c C:/devkitPro/devkitARM/bin/../lib/gcc/arm-none-eabi/16.1.0/../../../../arm-none-eabi/lib/armv6k/fpu\libc.a(libc_a-fiprintf.o)
                0x0012bf6c                fiprintf
 .text.__sfvwrite_r
                0x0012bfa8      0x4a4 C:/devkitPro/devkitARM/bin/../lib/gcc/arm-none-eabi/16.1.0/../../../../arm-none-eabi/lib/armv6k/fpu\libc.a(libc_a-fvwrite.o)
                0x0012bfa8                __sfvwrite_r
 .text.strchr   0x0012c44c      0x140 C:/devkitPro/devkitARM/bin/../lib/gcc/arm-none-eabi/16.1.0/../../../../arm-none-eabi/lib/armv6k/fpu\libc.a(libc_a-strchr.o)
                0x0012c44c                strchr
 .text.abort    0x0012c58c       0x14 C:/devkitPro/devkitARM/bin/../lib/gcc/arm-none-eabi/16.1.0/../../../../arm-none-eabi/lib/armv6k/fpu\libc.a(libc_a-abort.o)
                0x0012c58c                abort
 .text.__sprint_r
                0x0012c5a0       0x30 C:/devkitPro/devkitARM/bin/../lib/gcc/arm-none-eabi/16.1.0/../../../../arm-none-eabi/lib/armv6k/fpu\libc.a(libc_a-sprint_r.o)
                0x0012c5a0                __sprint_r
 .text.quorem   0x0012c5d0      0x1c0 C:/devkitPro/devkitARM/bin/../lib/gcc/arm-none-eabi/16.1.0/../../../../arm-none-eabi/lib/armv6k/fpu\libc.a(libc_a-dtoa.o)
 .text._dtoa_r  0x0012c790     0x1420 C:/devkitPro/devkitARM/bin/../lib/gcc/arm-none-eabi/16.1.0/../../../../arm-none-eabi/lib/armv6k/fpu\libc.a(libc_a-dtoa.o)
                0x0012c790                _dtoa_r
 .text._wcsrtombs_r
                0x0012dbb0       0x28 C:/devkitPro/devkitARM/bin/../lib/gcc/arm-none-eabi/16.1.0/../../../../arm-none-eabi/lib/armv6k/fpu\libc.a(libc_a-wcsrtombs.o)
                0x0012dbb0                _wcsrtombs_r
 .text.__swsetup_r
                0x0012dbd8      0x140 C:/devkitPro/devkitARM/bin/../lib/gcc/arm-none-eabi/16.1.0/../../../../arm-none-eabi/lib/armv6k/fpu\libc.a(libc_a-wsetup.o)
                0x0012dbd8                __swsetup_r
 .text.iswspace_l
                0x0012dd18       0x38 C:/devkitPro/devkitARM/bin/../lib/gcc/arm-none-eabi/16.1.0/../../../../arm-none-eabi/lib/armv6k/fpu\libc.a(libc_a-iswspace_l.o)
                0x0012dd18                iswspace_l
 .text.__ssputs_r
                0x0012dd50      0x12c C:/devkitPro/devkitARM/bin/../lib/gcc/arm-none-eabi/16.1.0/../../../../arm-none-eabi/lib/armv6k/fpu\libc.a(libc_a-ssputs_r.o)
                0x0012dd50                __ssputs_r
 .text.get_arg  0x0012de7c      0x5e0 C:/devkitPro/devkitARM/bin/../lib/gcc/arm-none-eabi/16.1.0/../../../../arm-none-eabi/lib/armv6k/fpu\libc.a(libc_a-vfiprintf.o)
 .text._vfiprintf_r
                0x0012e45c     0x22f8 C:/devkitPro/devkitARM/bin/../lib/gcc/arm-none-eabi/16.1.0/../../../../arm-none-eabi/lib/armv6k/fpu\libc.a(libc_a-vfiprintf.o)
                0x0012e45c                _vfiprintf_r
 .text.__sbprintf
                0x00130754       0xb4 C:/devkitPro/devkitARM/bin/../lib/gcc/arm-none-eabi/16.1.0/../../../../arm-none-eabi/lib/armv6k/fpu\libc.a(libc_a-vfiprintf.o)
 .text._wcsnrtombs_l
                0x00130808      0x15c C:/devkitPro/devkitARM/bin/../lib/gcc/arm-none-eabi/16.1.0/../../../../arm-none-eabi/lib/armv6k/fpu\libc.a(libc_a-wcsnrtombs.o)
                0x00130808                _wcsnrtombs_l
 .text._wcsnrtombs_r